[INFO] Scanning for projects...
[INFO] 
[INFO] -----------------< com.wanhe:day2-springboot-project >------------------
[INFO] Building day2-springboot-project 0.0.1-SNAPSHOT
[INFO]   from pom.xml
[INFO] --------------------------------[ jar ]---------------------------------
[INFO] 
[INFO] --- clean:3.3.2:clean (default-clean) @ day2-springboot-project ---
[INFO] Deleting D:\大三下期末实训项目\apartment\target
[INFO] 
[INFO] --- resources:3.3.1:resources (default-resources) @ day2-springboot-project ---
[INFO] Copying 1 resource from src\main\resources to target\classes
[INFO] Copying 0 resource from src\main\resources to target\classes
[INFO] 
[INFO] --- compiler:3.11.0:compile (default-compile) @ day2-springboot-project ---
[INFO] Changes detected - recompiling the module! :source
[INFO] Compiling 238 source files with javac [debug release 17] to target\classes
[INFO] 某些消息已经过简化; 请使用 -Xdiags:verbose 重新编译以获得完整输出
[INFO] -------------------------------------------------------------
[ERROR] COMPILATION ERROR : 
[INFO] -------------------------------------------------------------
[ERROR] /D:/大三下期末实训项目/apartment/src/main/java/com/wanhe/apartment/controller/TenantPortalController.java:[62,24] 方法引用无效
  找不到符号
    符号:   方法 getSysUserId()
    位置: 类 com.wanhe.apartment.entity.Tenant
[ERROR] /D:/大三下期末实训项目/apartment/src/main/java/com/wanhe/apartment/controller/TenantPortalController.java:[152,33] 方法引用无效
  找不到符号
    符号:   方法 getBillDate()
    位置: 类 com.wanhe.apartment.entity.Bill
[ERROR] /D:/大三下期末实训项目/apartment/src/main/java/com/wanhe/apartment/controller/TenantPortalController.java:[177,24] 方法引用无效
  找不到符号
    符号:   方法 getReporterId()
    位置: 类 com.wanhe.apartment.entity.MaintenanceOrder
[ERROR] /D:/大三下期末实训项目/apartment/src/main/java/com/wanhe/apartment/controller/TenantPortalController.java:[291,24] 方法引用无效
  找不到符号
    符号:   方法 getRoomStatus()
    位置: 类 com.wanhe.apartment.entity.Room
[ERROR] /D:/大三下期末实训项目/apartment/src/main/java/com/wanhe/apartment/controller/TenantPortalController.java:[337,29] 方法引用无效
  找不到符号
    符号:   方法 getReporterId()
    位置: 类 com.wanhe.apartment.entity.MaintenanceOrder
[ERROR] /D:/大三下期末实训项目/apartment/src/main/java/com/wanhe/apartment/service/impl/AuthServiceImpl.java:[83,77] 不兼容的类型: java.lang.Byte无法转换为java.lang.Integer
[ERROR] /D:/大三下期末实训项目/apartment/src/main/java/com/wanhe/apartment/service/impl/AuthServiceImpl.java:[87,73] 不兼容的类型: java.lang.Byte无法转换为java.lang.Integer
[INFO] 7 errors 
[INFO] -------------------------------------------------------------
[INFO] ------------------------------------------------------------------------
[INFO] BUILD FAILURE
[INFO] ------------------------------------------------------------------------
[INFO] Total time:  30.717 s
[INFO] Finished at: 2026-06-09T18:20:58+08:00
[INFO] ------------------------------------------------------------------------
[ERROR] Failed to execute goal org.apache.maven.plugins:maven-compiler-plugin:3.11.0:compile (default-compile) on project day2-springboot-project: Compilation failure: Compilation failure: 
[ERROR] /D:/大三下期末实训项目/apartment/src/main/java/com/wanhe/apartment/controller/TenantPortalController.java:[62,24] 方法引用无效
[ERROR]   找不到符号
[ERROR]     符号:   方法 getSysUserId()
[ERROR]     位置: 类 com.wanhe.apartment.entity.Tenant
[ERROR] /D:/大三下期末实训项目/apartment/src/main/java/com/wanhe/apartment/controller/TenantPortalController.java:[152,33] 方法引用无效
[ERROR]   找不到符号
[ERROR]     符号:   方法 getBillDate()
[ERROR]     位置: 类 com.wanhe.apartment.entity.Bill
[ERROR] /D:/大三下期末实训项目/apartment/src/main/java/com/wanhe/apartment/controller/TenantPortalController.java:[177,24] 方法引用无效
[ERROR]   找不到符号
[ERROR]     符号:   方法 getReporterId()
[ERROR]     位置: 类 com.wanhe.apartment.entity.MaintenanceOrder
[ERROR] /D:/大三下期末实训项目/apartment/src/main/java/com/wanhe/apartment/controller/TenantPortalController.java:[291,24] 方法引用无效
[ERROR]   找不到符号
[ERROR]     符号:   方法 getRoomStatus()
[ERROR]     位置: 类 com.wanhe.apartment.entity.Room
[ERROR] /D:/大三下期末实训项目/apartment/src/main/java/com/wanhe/apartment/controller/TenantPortalController.java:[337,29] 方法引用无效
[ERROR]   找不到符号
[ERROR]     符号:   方法 getReporterId()
[ERROR]     位置: 类 com.wanhe.apartment.entity.MaintenanceOrder
[ERROR] /D:/大三下期末实训项目/apartment/src/main/java/com/wanhe/apartment/service/impl/AuthServiceImpl.java:[83,77] 不兼容的类型: java.lang.Byte无法转换为java.lang.Integer
[ERROR] /D:/大三下期末实训项目/apartment/src/main/java/com/wanhe/apartment/service/impl/AuthServiceImpl.java:[87,73] 不兼容的类型: java.lang.Byte无法转换为java.lang.Integer
[ERROR] -> [Help 1]
[ERROR] 
[ERROR] To see the full stack trace of the errors, re-run Maven with the -e switch.
[ERROR] Re-run Maven using the -X switch to enable full debug logging.
[ERROR] 
[ERROR] For more information about the errors and possible solutions, please read the following articles:
[ERROR] [Help 1] http://cwiki.apache.org/confluence/display/MAVEN/MojoFailureException
