Apache Maven 3.9.11 (3e54c93a704957b63ee3494413a2b544fd3d825b)
Maven home: D:\apache-maven-3.9.11\apache-maven-3.9.11
Java version: 17, vendor: Oracle Corporation, runtime: D:\Java\jdk-17
Default locale: zh_CN, platform encoding: GBK
OS name: "windows 10", version: "10.0", arch: "amd64", family: "windows"
[DEBUG] Created new class realm maven.api
[DEBUG] Importing foreign packages into class realm maven.api
[DEBUG]   Imported: javax.annotation.* < plexus.core
[DEBUG]   Imported: javax.annotation.security.* < plexus.core
[DEBUG]   Imported: javax.inject.* < plexus.core
[DEBUG]   Imported: org.apache.maven.* < plexus.core
[DEBUG]   Imported: org.apache.maven.artifact < plexus.core
[DEBUG]   Imported: org.apache.maven.classrealm < plexus.core
[DEBUG]   Imported: org.apache.maven.cli < plexus.core
[DEBUG]   Imported: org.apache.maven.configuration < plexus.core
[DEBUG]   Imported: org.apache.maven.exception < plexus.core
[DEBUG]   Imported: org.apache.maven.execution < plexus.core
[DEBUG]   Imported: org.apache.maven.execution.scope < plexus.core
[DEBUG]   Imported: org.apache.maven.graph < plexus.core
[DEBUG]   Imported: org.apache.maven.lifecycle < plexus.core
[DEBUG]   Imported: org.apache.maven.model < plexus.core
[DEBUG]   Imported: org.apache.maven.monitor < plexus.core
[DEBUG]   Imported: org.apache.maven.plugin < plexus.core
[DEBUG]   Imported: org.apache.maven.profiles < plexus.core
[DEBUG]   Imported: org.apache.maven.project < plexus.core
[DEBUG]   Imported: org.apache.maven.reporting < plexus.core
[DEBUG]   Imported: org.apache.maven.repository < plexus.core
[DEBUG]   Imported: org.apache.maven.rtinfo < plexus.core
[DEBUG]   Imported: org.apache.maven.settings < plexus.core
[DEBUG]   Imported: org.apache.maven.toolchain < plexus.core
[DEBUG]   Imported: org.apache.maven.usability < plexus.core
[DEBUG]   Imported: org.apache.maven.wagon.* < plexus.core
[DEBUG]   Imported: org.apache.maven.wagon.authentication < plexus.core
[DEBUG]   Imported: org.apache.maven.wagon.authorization < plexus.core
[DEBUG]   Imported: org.apache.maven.wagon.events < plexus.core
[DEBUG]   Imported: org.apache.maven.wagon.observers < plexus.core
[DEBUG]   Imported: org.apache.maven.wagon.proxy < plexus.core
[DEBUG]   Imported: org.apache.maven.wagon.repository < plexus.core
[DEBUG]   Imported: org.apache.maven.wagon.resource < plexus.core
[DEBUG]   Imported: org.codehaus.classworlds < plexus.core
[DEBUG]   Imported: org.codehaus.plexus.* < plexus.core
[DEBUG]   Imported: org.codehaus.plexus.classworlds < plexus.core
[DEBUG]   Imported: org.codehaus.plexus.component < plexus.core
[DEBUG]   Imported: org.codehaus.plexus.configuration < plexus.core
[DEBUG]   Imported: org.codehaus.plexus.container < plexus.core
[DEBUG]   Imported: org.codehaus.plexus.context < plexus.core
[DEBUG]   Imported: org.codehaus.plexus.lifecycle < plexus.core
[DEBUG]   Imported: org.codehaus.plexus.logging < plexus.core
[DEBUG]   Imported: org.codehaus.plexus.personality < plexus.core
[DEBUG]   Imported: org.codehaus.plexus.util.xml.Xpp3Dom < plexus.core
[DEBUG]   Imported: org.codehaus.plexus.util.xml.pull.XmlPullParser < plexus.core
[DEBUG]   Imported: org.codehaus.plexus.util.xml.pull.XmlPullParserException < plexus.core
[DEBUG]   Imported: org.codehaus.plexus.util.xml.pull.XmlSerializer < plexus.core
[DEBUG]   Imported: org.eclipse.aether.* < plexus.core
[DEBUG]   Imported: org.eclipse.aether.artifact < plexus.core
[DEBUG]   Imported: org.eclipse.aether.collection < plexus.core
[DEBUG]   Imported: org.eclipse.aether.deployment < plexus.core
[DEBUG]   Imported: org.eclipse.aether.graph < plexus.core
[DEBUG]   Imported: org.eclipse.aether.impl < plexus.core
[DEBUG]   Imported: org.eclipse.aether.installation < plexus.core
[DEBUG]   Imported: org.eclipse.aether.internal.impl < plexus.core
[DEBUG]   Imported: org.eclipse.aether.metadata < plexus.core
[DEBUG]   Imported: org.eclipse.aether.repository < plexus.core
[DEBUG]   Imported: org.eclipse.aether.resolution < plexus.core
[DEBUG]   Imported: org.eclipse.aether.spi < plexus.core
[DEBUG]   Imported: org.eclipse.aether.transfer < plexus.core
[DEBUG]   Imported: org.eclipse.aether.util < plexus.core
[DEBUG]   Imported: org.eclipse.aether.version < plexus.core
[DEBUG]   Imported: org.fusesource.jansi.* < plexus.core
[DEBUG]   Imported: org.slf4j.* < plexus.core
[DEBUG]   Imported: org.slf4j.event.* < plexus.core
[DEBUG]   Imported: org.slf4j.helpers.* < plexus.core
[DEBUG]   Imported: org.slf4j.spi.* < plexus.core
[DEBUG] Populating class realm maven.api
[DEBUG] Created adapter factory; available factories [file-lock, rwlock-local, semaphore-local, noop]; available name mappers [discriminating, file-gav, file-hgav, file-static, gav, static]
[INFO] Error stacktraces are turned on.
[DEBUG] Message scheme: color
[DEBUG] Message styles: debug info warning error success failure strong mojo project
[DEBUG] Reading global settings from D:\apache-maven-3.9.11\apache-maven-3.9.11\conf\settings.xml
[DEBUG] Reading user settings from C:\Users\86183\.m2\settings.xml
[DEBUG] Reading global toolchains from D:\apache-maven-3.9.11\apache-maven-3.9.11\conf\toolchains.xml
[DEBUG] Reading user toolchains from C:\Users\86183\.m2\toolchains.xml
[DEBUG] Using local repository at D:\apache-maven-3.9.11\apache-maven-3.9.11\repository
[DEBUG] Using manager EnhancedLocalRepositoryManager with priority 10.0 for D:\apache-maven-3.9.11\apache-maven-3.9.11\repository
[INFO] Scanning for projects...
[DEBUG] Creating adapter using nameMapper 'gav' and factory 'rwlock-local'
[DEBUG] Using mirror alimaven (http://maven.aliyun.com/nexus/content/repositories/central/) for central (https://repo.maven.apache.org/maven2).
[DEBUG] Extension realms for project com.wanhe:day2-springboot-project:jar:0.0.1-SNAPSHOT: (none)
[DEBUG] Looking up lifecycle mappings for packaging jar from ClassRealm[plexus.core, parent: null]
[DEBUG] Extension realms for project org.springframework.boot:spring-boot-starter-parent:pom:3.2.5: (none)
[DEBUG] Looking up lifecycle mappings for packaging pom from ClassRealm[plexus.core, parent: null]
[DEBUG] Extension realms for project org.springframework.boot:spring-boot-dependencies:pom:3.2.5: (none)
[DEBUG] Looking up lifecycle mappings for packaging pom from ClassRealm[plexus.core, parent: null]
[DEBUG] === REACTOR BUILD PLAN ================================================
[DEBUG] Project: com.wanhe:day2-springboot-project:jar:0.0.1-SNAPSHOT
[DEBUG] Tasks:   [compile]
[DEBUG] Style:   Regular
[DEBUG] =======================================================================
[INFO] 
[INFO] -----------------< com.wanhe:day2-springboot-project >------------------
[INFO] Building day2-springboot-project 0.0.1-SNAPSHOT
[INFO]   from pom.xml
[INFO] --------------------------------[ jar ]---------------------------------
[DEBUG] Lifecycle clean -> [pre-clean, clean, post-clean]
[DEBUG] Lifecycle default -> [validate, initialize, generate-sources, process-sources, generate-resources, process-resources, compile, process-classes, generate-test-sources, process-test-sources, generate-test-resources, process-test-resources, test-compile, process-test-classes, test, prepare-package, package, pre-integration-test, integration-test, post-integration-test, verify, install, deploy]
[DEBUG] Lifecycle site -> [pre-site, site, post-site, site-deploy]
[DEBUG] Lifecycle clean -> [pre-clean, clean, post-clean]
[DEBUG] Lifecycle default -> [validate, initialize, generate-sources, process-sources, generate-resources, process-resources, compile, process-classes, generate-test-sources, process-test-sources, generate-test-resources, process-test-resources, test-compile, process-test-classes, test, prepare-package, package, pre-integration-test, integration-test, post-integration-test, verify, install, deploy]
[DEBUG] Lifecycle site -> [pre-site, site, post-site, site-deploy]
[DEBUG] Lifecycle clean -> [pre-clean, clean, post-clean]
[DEBUG] Lifecycle default -> [validate, initialize, generate-sources, process-sources, generate-resources, process-resources, compile, process-classes, generate-test-sources, process-test-sources, generate-test-resources, process-test-resources, test-compile, process-test-classes, test, prepare-package, package, pre-integration-test, integration-test, post-integration-test, verify, install, deploy]
[DEBUG] Lifecycle site -> [pre-site, site, post-site, site-deploy]
[DEBUG] === PROJECT BUILD PLAN ================================================
[DEBUG] Project:       com.wanhe:day2-springboot-project:0.0.1-SNAPSHOT
[DEBUG] Dependencies (collect): []
[DEBUG] Dependencies (resolve): [compile]
[DEBUG] Repositories (dependencies): [alimaven (http://maven.aliyun.com/nexus/content/repositories/central/, default, releases)]
[DEBUG] Repositories (plugins)     : [alimaven (http://maven.aliyun.com/nexus/content/repositories/central/, default, releases)]
[DEBUG] -----------------------------------------------------------------------
[DEBUG] Goal:          org.apache.maven.plugins:maven-resources-plugin:3.3.1:resources (default-resources)
[DEBUG] Style:         Regular
[DEBUG] Configuration: <?xml version="1.0" encoding="UTF-8"?>
<configuration>
  <addDefaultExcludes default-value="true"/>
  <buildFilters default-value="${project.build.filters}"/>
  <delimiters>
    <delimiter>@</delimiter>
  </delimiters>
  <encoding default-value="${project.build.sourceEncoding}"/>
  <escapeWindowsPaths default-value="true"/>
  <fileNameFiltering default-value="false"/>
  <includeEmptyDirs default-value="false"/>
  <outputDirectory default-value="${project.build.outputDirectory}"/>
  <overwrite default-value="false"/>
  <project default-value="${project}"/>
  <propertiesEncoding>UTF-8</propertiesEncoding>
  <resources default-value="${project.resources}"/>
  <session default-value="${session}"/>
  <skip default-value="false">${maven.resources.skip}</skip>
  <supportMultiLineFiltering default-value="false"/>
  <useBuildFilters default-value="true"/>
  <useDefaultDelimiters default-value="true">false</useDefaultDelimiters>
</configuration>
[DEBUG] -----------------------------------------------------------------------
[DEBUG] Goal:          org.apache.maven.plugins:maven-compiler-plugin:3.11.0:compile (default-compile)
[DEBUG] Style:         Regular
[DEBUG] Configuration: <?xml version="1.0" encoding="UTF-8"?>
<configuration>
  <basedir default-value="${basedir}"/>
  <buildDirectory default-value="${project.build.directory}"/>
  <compilePath default-value="${project.compileClasspathElements}"/>
  <compileSourceRoots default-value="${project.compileSourceRoots}"/>
  <compilerId default-value="javac">${maven.compiler.compilerId}</compilerId>
  <compilerReuseStrategy default-value="${reuseCreated}">${maven.compiler.compilerReuseStrategy}</compilerReuseStrategy>
  <compilerVersion>${maven.compiler.compilerVersion}</compilerVersion>
  <createMissingPackageInfoClass default-value="true">${maven.compiler.createMissingPackageInfoClass}</createMissingPackageInfoClass>
  <debug default-value="true">${maven.compiler.debug}</debug>
  <debugFileName default-value="javac"/>
  <debuglevel>${maven.compiler.debuglevel}</debuglevel>
  <enablePreview default-value="false">${maven.compiler.enablePreview}</enablePreview>
  <encoding default-value="${project.build.sourceEncoding}">${encoding}</encoding>
  <executable>${maven.compiler.executable}</executable>
  <failOnError default-value="true">${maven.compiler.failOnError}</failOnError>
  <failOnWarning default-value="false">${maven.compiler.failOnWarning}</failOnWarning>
  <forceJavacCompilerUse default-value="false">${maven.compiler.forceJavacCompilerUse}</forceJavacCompilerUse>
  <fork default-value="false">${maven.compiler.fork}</fork>
  <generatedSourcesDirectory default-value="${project.build.directory}/generated-sources/annotations"/>
  <implicit>${maven.compiler.implicit}</implicit>
  <maxmem>${maven.compiler.maxmem}</maxmem>
  <meminitial>${maven.compiler.meminitial}</meminitial>
  <mojoExecution default-value="${mojoExecution}"/>
  <optimize default-value="false">${maven.compiler.optimize}</optimize>
  <outputDirectory default-value="${project.build.outputDirectory}"/>
  <parameters default-value="false">true</parameters>
  <project default-value="${project}"/>
  <projectArtifact default-value="${project.artifact}"/>
  <release>${maven.compiler.release}</release>
  <session default-value="${session}"/>
  <showCompilationChanges default-value="false">${maven.compiler.showCompilationChanges}</showCompilationChanges>
  <showDeprecation default-value="false">${maven.compiler.showDeprecation}</showDeprecation>
  <showWarnings default-value="true">${maven.compiler.showWarnings}</showWarnings>
  <skipMain>${maven.main.skip}</skipMain>
  <skipMultiThreadWarning default-value="false">${maven.compiler.skipMultiThreadWarning}</skipMultiThreadWarning>
  <source default-value="1.8">${maven.compiler.source}</source>
  <staleMillis default-value="0">${lastModGranularityMs}</staleMillis>
  <target default-value="1.8">${maven.compiler.target}</target>
  <useIncrementalCompilation default-value="true">${maven.compiler.useIncrementalCompilation}</useIncrementalCompilation>
  <verbose default-value="false">${maven.compiler.verbose}</verbose>
</configuration>
[DEBUG] =======================================================================
[DEBUG] Using mirror maven-default-http-blocker (http://0.0.0.0/) for vaadin-snapshots (http://oss.sonatype.org/content/repositories/vaadin-snapshots/).
[DEBUG] Using mirror maven-default-http-blocker (http://0.0.0.0/) for vaadin-releases (http://oss.sonatype.org/content/repositories/vaadin-releases/).
[DEBUG] Using mirror maven-default-http-blocker (http://0.0.0.0/) for apache.snapshots (http://repository.apache.org/snapshots).
[DEBUG] Dependency collection stats {ConflictMarker.analyzeTime=1674400, ConflictMarker.markTime=145400, ConflictMarker.nodeCount=203, ConflictIdSorter.graphTime=1382400, ConflictIdSorter.topsortTime=822800, ConflictIdSorter.conflictIdCount=95, ConflictIdSorter.conflictIdCycleCount=0, ConflictResolver.totalTime=10728400, ConflictResolver.conflictItemCount=170, DfDependencyCollector.collectTime=813965200, DfDependencyCollector.transformTime=16383000}
[DEBUG] com.wanhe:day2-springboot-project:jar:0.0.1-SNAPSHOT
[DEBUG]    org.springframework.boot:spring-boot-starter:jar:3.2.5:compile
[DEBUG]       org.springframework.boot:spring-boot:jar:3.2.5:compile (version managed from 3.2.5)
[DEBUG]          org.springframework:spring-context:jar:6.1.6:compile (version managed from 6.1.6)
[DEBUG]       org.springframework.boot:spring-boot-autoconfigure:jar:3.2.5:compile (version managed from 3.2.5)
[DEBUG]       org.springframework.boot:spring-boot-starter-logging:jar:3.2.5:compile (version managed from 3.2.5)
[DEBUG]          ch.qos.logback:logback-classic:jar:1.4.14:compile (version managed from 1.4.14)
[DEBUG]             ch.qos.logback:logback-core:jar:1.4.14:compile (version managed from 1.4.14)
[DEBUG]          org.apache.logging.log4j:log4j-to-slf4j:jar:2.21.1:compile (version managed from 2.21.1)
[DEBUG]             org.apache.logging.log4j:log4j-api:jar:2.21.1:compile (version managed from 2.21.1)
[DEBUG]          org.slf4j:jul-to-slf4j:jar:2.0.13:compile (version managed from 2.0.13)
[DEBUG]       jakarta.annotation:jakarta.annotation-api:jar:2.1.1:compile (version managed from 2.1.1)
[DEBUG]       org.springframework:spring-core:jar:6.1.6:compile (version managed from 6.1.6)
[DEBUG]          org.springframework:spring-jcl:jar:6.1.6:compile (version managed from 6.1.6)
[DEBUG]       org.yaml:snakeyaml:jar:2.2:compile (version managed from 2.2)
[DEBUG]    org.springframework.boot:spring-boot-starter-test:jar:3.2.5:test
[DEBUG]       org.springframework.boot:spring-boot-test:jar:3.2.5:test (version managed from 3.2.5)
[DEBUG]       org.springframework.boot:spring-boot-test-autoconfigure:jar:3.2.5:test (version managed from 3.2.5)
[DEBUG]       com.jayway.jsonpath:json-path:jar:2.9.0:test (version managed from 2.9.0)
[DEBUG]          org.slf4j:slf4j-api:jar:2.0.13:compile (version managed from 2.0.11)
[DEBUG]       jakarta.xml.bind:jakarta.xml.bind-api:jar:4.0.2:compile (version managed from 4.0.2)
[DEBUG]          jakarta.activation:jakarta.activation-api:jar:2.1.3:compile (version managed from 2.1.3)
[DEBUG]       net.minidev:json-smart:jar:2.5.1:test (version managed from 2.5.1)
[DEBUG]          net.minidev:accessors-smart:jar:2.5.1:test
[DEBUG]             org.ow2.asm:asm:jar:9.6:test
[DEBUG]       org.assertj:assertj-core:jar:3.24.2:test (version managed from 3.24.2)
[DEBUG]          net.bytebuddy:byte-buddy:jar:1.14.13:test (version managed from 1.12.21)
[DEBUG]       org.awaitility:awaitility:jar:4.2.1:test (version managed from 4.2.1)
[DEBUG]       org.hamcrest:hamcrest:jar:2.2:test (version managed from 2.2)
[DEBUG]       org.junit.jupiter:junit-jupiter:jar:5.10.2:test (version managed from 5.10.2)
[DEBUG]          org.junit.jupiter:junit-jupiter-api:jar:5.10.2:test (version managed from 5.10.2)
[DEBUG]             org.opentest4j:opentest4j:jar:1.3.0:test
[DEBUG]             org.junit.platform:junit-platform-commons:jar:1.10.2:test (version managed from 1.10.2)
[DEBUG]             org.apiguardian:apiguardian-api:jar:1.1.2:test
[DEBUG]          org.junit.jupiter:junit-jupiter-params:jar:5.10.2:test (version managed from 5.10.2)
[DEBUG]          org.junit.jupiter:junit-jupiter-engine:jar:5.10.2:test (version managed from 5.10.2)
[DEBUG]             org.junit.platform:junit-platform-engine:jar:1.10.2:test (version managed from 1.10.2)
[DEBUG]       org.mockito:mockito-core:jar:5.7.0:test (version managed from 5.7.0)
[DEBUG]          net.bytebuddy:byte-buddy-agent:jar:1.14.13:test (version managed from 1.14.9)
[DEBUG]          org.objenesis:objenesis:jar:3.3:test
[DEBUG]       org.mockito:mockito-junit-jupiter:jar:5.7.0:test (version managed from 5.7.0)
[DEBUG]       org.skyscreamer:jsonassert:jar:1.5.1:test (version managed from 1.5.1)
[DEBUG]          com.vaadin.external.google:android-json:jar:0.0.20131108.vaadin1:test
[DEBUG]       org.springframework:spring-test:jar:6.1.6:test (version managed from 6.1.6)
[DEBUG]       org.xmlunit:xmlunit-core:jar:2.9.1:test (version managed from 2.9.1)
[DEBUG]    com.baomidou:mybatis-plus-spring-boot3-starter:jar:3.5.15:compile
[DEBUG]       com.baomidou:mybatis-plus:jar:3.5.15:compile
[DEBUG]          com.baomidou:mybatis-plus-core:jar:3.5.15:compile
[DEBUG]          com.baomidou:mybatis-plus-annotation:jar:3.5.15:compile
[DEBUG]          com.baomidou:mybatis-plus-spring:jar:3.5.15:compile
[DEBUG]             com.baomidou:mybatis-plus-extension:jar:3.5.15:compile
[DEBUG]          org.mybatis:mybatis:jar:3.5.19:compile
[DEBUG]       org.mybatis:mybatis-spring:jar:3.0.5:compile
[DEBUG]       com.baomidou:mybatis-plus-spring-boot-autoconfigure:jar:3.5.15:compile
[DEBUG]       org.springframework.boot:spring-boot-starter-jdbc:jar:3.2.5:compile (version managed from 3.4.1)
[DEBUG]          com.zaxxer:HikariCP:jar:5.0.1:compile (version managed from 5.0.1)
[DEBUG]          org.springframework:spring-jdbc:jar:6.1.6:compile (version managed from 6.1.6)
[DEBUG]             org.springframework:spring-tx:jar:6.1.6:compile (version managed from 6.1.6)
[DEBUG]    com.mysql:mysql-connector-j:jar:8.0.32:runtime (exclusions managed from [com.google.protobuf:protobuf-java:*:*])
[DEBUG]    org.projectlombok:lombok:jar:1.18.32:compile (optional)
[DEBUG]    com.baomidou:mybatis-plus-generator:jar:3.5.15:compile
[DEBUG]    org.freemarker:freemarker:jar:2.3.28:compile
[DEBUG]    org.springframework.boot:spring-boot-starter-web:jar:3.2.5:compile
[DEBUG]       org.springframework.boot:spring-boot-starter-json:jar:3.2.5:compile (version managed from 3.2.5)
[DEBUG]          com.fasterxml.jackson.core:jackson-databind:jar:2.15.4:compile (version managed from 2.15.4)
[DEBUG]             com.fasterxml.jackson.core:jackson-annotations:jar:2.15.4:compile (version managed from 2.15.4)
[DEBUG]             com.fasterxml.jackson.core:jackson-core:jar:2.15.4:compile (version managed from 2.15.4)
[DEBUG]          com.fasterxml.jackson.datatype:jackson-datatype-jdk8:jar:2.15.4:compile (version managed from 2.15.4)
[DEBUG]          com.fasterxml.jackson.datatype:jackson-datatype-jsr310:jar:2.15.4:compile (version managed from 2.15.4)
[DEBUG]          com.fasterxml.jackson.module:jackson-module-parameter-names:jar:2.15.4:compile (version managed from 2.15.4)
[DEBUG]       org.springframework.boot:spring-boot-starter-tomcat:jar:3.2.5:compile (version managed from 3.2.5)
[DEBUG]          org.apache.tomcat.embed:tomcat-embed-core:jar:10.1.20:compile (version managed from 10.1.20)
[DEBUG]          org.apache.tomcat.embed:tomcat-embed-el:jar:10.1.20:compile (version managed from 10.1.20)
[DEBUG]          org.apache.tomcat.embed:tomcat-embed-websocket:jar:10.1.20:compile (version managed from 10.1.20)
[DEBUG]       org.springframework:spring-web:jar:6.1.6:compile (version managed from 6.1.6)
[DEBUG]          org.springframework:spring-beans:jar:6.1.6:compile (version managed from 6.1.6)
[DEBUG]          io.micrometer:micrometer-observation:jar:1.12.5:compile (version managed from 1.12.5)
[DEBUG]             io.micrometer:micrometer-commons:jar:1.12.5:compile (version managed from 1.12.5)
[DEBUG]       org.springframework:spring-webmvc:jar:6.1.6:compile (version managed from 6.1.6)
[DEBUG]          org.springframework:spring-aop:jar:6.1.6:compile (version managed from 6.1.6)
[DEBUG]          org.springframework:spring-expression:jar:6.1.6:compile (version managed from 6.1.6)
[DEBUG]    com.github.xiaoymin:knife4j-openapi3-jakarta-spring-boot-starter:jar:4.3.0:compile
[DEBUG]       com.github.xiaoymin:knife4j-core:jar:4.3.0:compile
[DEBUG]       com.github.xiaoymin:knife4j-openapi3-ui:jar:4.3.0:compile
[DEBUG]       org.springdoc:springdoc-openapi-starter-webmvc-ui:jar:2.0.4:compile
[DEBUG]          org.springdoc:springdoc-openapi-starter-webmvc-api:jar:2.0.4:compile
[DEBUG]             org.springdoc:springdoc-openapi-starter-common:jar:2.0.4:compile
[DEBUG]                io.swagger.core.v3:swagger-core-jakarta:jar:2.2.8:compile
[DEBUG]                   org.apache.commons:commons-lang3:jar:3.13.0:compile (version managed from 3.12.0)
[DEBUG]                   io.swagger.core.v3:swagger-annotations-jakarta:jar:2.2.8:compile
[DEBUG]                   io.swagger.core.v3:swagger-models-jakarta:jar:2.2.8:compile
[DEBUG]                   jakarta.validation:jakarta.validation-api:jar:3.0.2:compile (version managed from 3.0.0)
[DEBUG]                   com.fasterxml.jackson.dataformat:jackson-dataformat-yaml:jar:2.15.4:compile (version managed from 2.14.0)
[DEBUG]          org.webjars:swagger-ui:jar:4.18.1:compile
[DEBUG]          org.webjars:webjars-locator-core:jar:0.55:compile (version managed from 0.52)
[DEBUG]          io.github.classgraph:classgraph:jar:4.8.149:compile
[INFO] 
[INFO] --- resources:3.3.1:resources (default-resources) @ day2-springboot-project ---
[DEBUG] Dependency collection stats {ConflictMarker.analyzeTime=81300, ConflictMarker.markTime=111200, ConflictMarker.nodeCount=13, ConflictIdSorter.graphTime=139900, ConflictIdSorter.topsortTime=13100, ConflictIdSorter.conflictIdCount=9, ConflictIdSorter.conflictIdCycleCount=0, ConflictResolver.totalTime=287700, ConflictResolver.conflictItemCount=13, DfDependencyCollector.collectTime=74372800, DfDependencyCollector.transformTime=679200}
[DEBUG] org.apache.maven.plugins:maven-resources-plugin:jar:3.3.1
[DEBUG]    org.codehaus.plexus:plexus-interpolation:jar:1.26:runtime
[DEBUG]    org.codehaus.plexus:plexus-utils:jar:3.5.1:compile
[DEBUG]    org.apache.maven.shared:maven-filtering:jar:3.3.1:compile
[DEBUG]       javax.inject:javax.inject:jar:1:compile
[DEBUG]       org.slf4j:slf4j-api:jar:1.7.36:compile
[DEBUG]       org.sonatype.plexus:plexus-build-api:jar:0.0.7:compile
[DEBUG]    commons-io:commons-io:jar:2.11.0:compile
[DEBUG]    org.apache.commons:commons-lang3:jar:3.12.0:compile
[DEBUG] Created new class realm plugin>org.apache.maven.plugins:maven-resources-plugin:3.3.1
[DEBUG] Importing foreign packages into class realm plugin>org.apache.maven.plugins:maven-resources-plugin:3.3.1
[DEBUG]   Imported:  < maven.api
[DEBUG] Populating class realm plugin>org.apache.maven.plugins:maven-resources-plugin:3.3.1
[DEBUG]   Included: org.apache.maven.plugins:maven-resources-plugin:jar:3.3.1
[DEBUG]   Included: org.codehaus.plexus:plexus-interpolation:jar:1.26
[DEBUG]   Included: org.codehaus.plexus:plexus-utils:jar:3.5.1
[DEBUG]   Included: org.apache.maven.shared:maven-filtering:jar:3.3.1
[DEBUG]   Included: org.sonatype.plexus:plexus-build-api:jar:0.0.7
[DEBUG]   Included: commons-io:commons-io:jar:2.11.0
[DEBUG]   Included: org.apache.commons:commons-lang3:jar:3.12.0
[DEBUG] Loading mojo org.apache.maven.plugins:maven-resources-plugin:3.3.1:resources from plugin realm ClassRealm[plugin>org.apache.maven.plugins:maven-resources-plugin:3.3.1, parent: jdk.internal.loader.ClassLoaders$AppClassLoader@70dea4e]
[DEBUG] Configuring mojo execution 'org.apache.maven.plugins:maven-resources-plugin:3.3.1:resources:default-resources' with basic configurator -->
[DEBUG]   (f) addDefaultExcludes = true
[DEBUG]   (f) buildFilters = []
[DEBUG]   (s) delimiters = [@]
[DEBUG]   (f) encoding = UTF-8
[DEBUG]   (f) escapeWindowsPaths = true
[DEBUG]   (f) fileNameFiltering = false
[DEBUG]   (s) includeEmptyDirs = false
[DEBUG]   (s) outputDirectory = D:\大三下期末实训项目\apartment\target\classes
[DEBUG]   (s) overwrite = false
[DEBUG]   (f) project = MavenProject: com.wanhe:day2-springboot-project:0.0.1-SNAPSHOT @ D:\大三下期末实训项目\apartment\pom.xml
[DEBUG]   (f) propertiesEncoding = UTF-8
[DEBUG]   (s) resources = [Resource {targetPath: null, filtering: true, FileSet {directory: D:\大三下期末实训项目\apartment\src\main\resources, PatternSet [includes: {**/application*.yml, **/application*.yaml, **/application*.properties}, excludes: {}]}}, Resource {targetPath: null, filtering: false, FileSet {directory: D:\大三下期末实训项目\apartment\src\main\resources, PatternSet [includes: {}, excludes: {**/application*.yml, **/application*.yaml, **/application*.properties}]}}]
[DEBUG]   (f) session = org.apache.maven.execution.MavenSession@77049094
[DEBUG]   (f) skip = false
[DEBUG]   (f) supportMultiLineFiltering = false
[DEBUG]   (f) useBuildFilters = true
[DEBUG]   (s) useDefaultDelimiters = false
[DEBUG] -- end configuration --
[DEBUG] properties used:
[DEBUG] activemq.version: 5.18.4
[DEBUG] angus-mail.version: 2.0.3
[DEBUG] artemis.version: 2.31.2
[DEBUG] aspectj.version: 1.9.22
[DEBUG] assertj.version: 3.24.2
[DEBUG] awaitility.version: 4.2.1
[DEBUG] brave.version: 5.16.0
[DEBUG] build-helper-maven-plugin.version: 3.4.0
[DEBUG] byte-buddy.version: 1.14.13
[DEBUG] cache2k.version: 2.6.1.Final
[DEBUG] caffeine.version: 3.1.8
[DEBUG] cassandra-driver.version: 4.17.0
[DEBUG] classmate.version: 1.6.0
[DEBUG] classworlds.conf: D:\apache-maven-3.9.11\apache-maven-3.9.11\bin\m2.conf
[DEBUG] commons-codec.version: 1.16.1
[DEBUG] commons-dbcp2.version: 2.10.0
[DEBUG] commons-lang3.version: 3.13.0
[DEBUG] commons-pool.version: 1.6
[DEBUG] commons-pool2.version: 2.12.0
[DEBUG] couchbase-client.version: 3.4.11
[DEBUG] crac.version: 1.4.0
[DEBUG] db2-jdbc.version: 11.5.9.0
[DEBUG] dependency-management-plugin.version: 1.1.4
[DEBUG] derby.version: 10.16.1.1
[DEBUG] dropwizard-metrics.version: 4.2.25
[DEBUG] ehcache3.version: 3.10.8
[DEBUG] elasticsearch-client.version: 8.10.4
[DEBUG] env.=D:: D:\大三下期末实训项目\apartment
[DEBUG] env.=EXITCODE: 00000000
[DEBUG] env.AHA_CHROME_CRASHPAD_PIPE_NAME: \\.\pipe\crashpad_15720_SILTJCNZYCTDFRVA
[DEBUG] env.AI_AGENT: TRAE
[DEBUG] env.ALLUSERSPROFILE: C:\ProgramData
[DEBUG] env.APPCODE_VM_OPTIONS: D:\IDEA win2020-2024 jihuo\win2021-2024 s\win2021-2024\vmoptions\appcode.vmoptions
[DEBUG] env.APPDATA: C:\Users\86183\AppData\Roaming
[DEBUG] env.AQUA_VM_OPTIONS: D:\IntelliJ IDEA 2024.3.5\jetbra\vmoptions\aqua.vmoptions
[DEBUG] env.CLASSPATH:  .;D:\Java\jdk-17\lib\dt.jar;D:\Java\jdk-17\lib\tools.jar;D:\Java\jdk1.8.0_91\bin;D:\Java\jdk-21;
[DEBUG] env.CLASSWORLDS_JAR: "D:\apache-maven-3.9.11\apache-maven-3.9.11\boot\plexus-classworlds-2.9.0.jar"
[DEBUG] env.CLASSWORLDS_LAUNCHER: org.codehaus.plexus.classworlds.launcher.Launcher
[DEBUG] env.CLION_VM_OPTIONS: D:\IDEA win2020-2024 jihuo\win2021-2024 s\win2021-2024\vmoptions\clion.vmoptions
[DEBUG] env.COLORTERM: truecolor
[DEBUG] env.COMMONPROGRAMFILES: C:\Program Files\Common Files
[DEBUG] env.COMMONPROGRAMFILES(X86): C:\Program Files (x86)\Common Files
[DEBUG] env.COMMONPROGRAMW6432: C:\Program Files\Common Files
[DEBUG] env.COMPUTERNAME: 荣耀-X14-PRO
[DEBUG] env.COMSPEC: C:\WINDOWS\system32\cmd.exe
[DEBUG] env.DATAGRIP_VM_OPTIONS: D:\IDEA win2020-2024 jihuo\win2021-2024 s\win2021-2024\vmoptions\datagrip.vmoptions
[DEBUG] env.DATASPELL_VM_OPTIONS: D:\IDEA win2020-2024 jihuo\win2021-2024 s\win2021-2024\vmoptions\dataspell.vmoptions
[DEBUG] env.DEVECOSTUDIO_VM_OPTIONS: D:\IDEA win2020-2024 jihuo\win2021-2024 s\win2021-2024\vmoptions\devecostudio.vmoptions
[DEBUG] env.DRIVERDATA: C:\Windows\System32\Drivers\DriverData
[DEBUG] env.ERROR_CODE: 0
[DEBUG] env.EXEC_DIR: D:\大三下期末实训项目\apartment
[DEBUG] env.FPS_BROWSER_APP_PROFILE_STRING: Internet Explorer
[DEBUG] env.FPS_BROWSER_USER_PROFILE_STRING: Default
[DEBUG] env.GATEWAY_VM_OPTIONS: D:\IDEA win2020-2024 jihuo\win2021-2024 s\win2021-2024\vmoptions\gateway.vmoptions
[DEBUG] env.GIT_ASKPASS: d:\Trae CN\resources\app\extensions\git\dist\askpass.sh
[DEBUG] env.GNUPLOT_LIB: D:\gnuplot\demo;D:\gnuplot\demo\games;D:\gnuplot\share
[DEBUG] env.GOLAND_VM_OPTIONS: D:\IDEA win2020-2024 jihuo\win2021-2024 s\win2021-2024\vmoptions\goland.vmoptions
[DEBUG] env.HOMEDRIVE: C:
[DEBUG] env.HOMEPATH: \Users\86183
[DEBUG] env.IDEA_VM_OPTIONS: D:\IDEA win2020-2024 jihuo\win2021-2024 s\win2021-2024\vmoptions\idea.vmoptions
[DEBUG] env.IGAME: D:\iGame\
[DEBUG] env.ISARCHMATCHED: 1
[DEBUG] env.JAVACMD: D:\Java\jdk-17\bin\java.exe
[DEBUG] env.JAVA_HOME: D:\Java\jdk-17
[DEBUG] env.JAVA_OPTS: -Dfile.encoding\=UTF-8
[DEBUG] env.JETBRAINSCLIENT_VM_OPTIONS: D:\IDEA win2020-2024 jihuo\win2021-2024 s\win2021-2024\vmoptions\jetbrainsclient.vmoptions
[DEBUG] env.JETBRAINS_CLIENT_VM_OPTIONS: D:\IDEA win2020-2024 jihuo\win2021-2024 s\win2021-2024\vmoptions\jetbrains_client.vmoptions
[DEBUG] env.JVMCONFIG: \.mvn\jvm.config
[DEBUG] env.LANG: zh_CN.UTF-8
[DEBUG] env.LOCALAPPDATA: C:\Users\86183\AppData\Local
[DEBUG] env.LOGONSERVER: \\荣耀-X14-PRO
[DEBUG] env.M2_HOME: D:\apache-maven-3.9.11\apache-maven-3.9.11\repository
[DEBUG] env.MAVEN_CMD_LINE_ARGS: compile -X
[DEBUG] env.MAVEN_HOME: D:\apache-maven-3.9.11\apache-maven-3.9.11
[DEBUG] env.MAVEN_OPTS: --enable-native-access=ALL-UNNAMED 
[DEBUG] env.MAVEN_PROJECTBASEDIR: D:\大三下期末实训项目\apartment
[DEBUG] env.NUMBER_OF_PROCESSORS: 16
[DEBUG] env.ONEDRIVE: C:\Users\86183\OneDrive
[DEBUG] env.OS: Windows_NT
[DEBUG] env.PATH: D:\Java\jdk-17\bin;C:\Users\86183\.trae-cn\tools\maven\latest\bin;C:\Users\86183\.trae-cn\tools\gradle\latest\bin;c:\Users\86183\.trae-cn\tools\trae-gopls\current;c:\Users\86183\.trae-cn\sdks\workspaces\6d3bd78c\versions\node\current;c:\Users\86183\.trae-cn\sdks\versions\node\current;C:\Program Files\MySQL\MySQL Server 8.0\bin;D:\Java\jdk-17\bin;D:\Java\jdk-21\bin;D:\Java\jdk-8\bin;D:\Java\jdk-17\bin;D:\python\Python312;D:\python\Python312\Scripts;C:\ProgramData\Oracle\Java\javapath;C:\Program Files\Common Files\Oracle\Java\javapath;C:\Program Files (x86)\Common Files\Oracle\Java\java8path;C:\Program Files (x86)\Common Files\Oracle\Java\javapath;C:\WINDOWS;C:\WINDOWS\System32\Wbem;C:\WINDOWS\System32\WindowsPowerShell\v1.0\;C:\WINDOWS\System32\OpenSSH\;C:\Program Files\dotnet\;D:\Windows Kits\10\Windows Performance Toolkit\;D:\010 Editor;C:\Program Files\Bandizip\;C:\WINDOWS\system32;D:\apache-maven-3.9.11\apache-maven-3.9.11\bin;D:\nodejs\;D:\Git\cmd;D:\chromedriver-win64\chromedriver-win64;D:\edgedriver_win64;C:\Users\86183\AppData\Local\Programs\Python\Python312\Scripts\;C:\Users\86183\AppData\Local\Programs\Python\Python312\;C:\Users\86183\AppData\Local\Microsoft\WindowsApps;C:\Users\86183\.dotnet\tools;D:\Microsoft VS Code\bin;D:\software\apache24\Apache24\bin;D:\software\php;D:\software\php\ext;C:\Users\86183\AppData\Roaming\npm;D:\Nmap;c:\Users\86183\.trae-cn\extensions\vscjava.vscode-java-debug-0.59.0-universal\bundled\scripts\noConfigScripts;d:\Trae CN\resources\app\node_modules\@vscode\ripgrep\bin;d:\Trae CN\resources\app\node_modules\@vscode\ripgrep\bin
[DEBUG] env.PATHEXT: .COM;.EXE;.BAT;.CMD;.VBS;.VBE;.JS;.JSE;.WSF;.WSH;.MSC;.PY;.PYW;.CPL
[DEBUG] env.PHPSTORM_VM_OPTIONS: D:\IDEA win2020-2024 jihuo\win2021-2024 s\win2021-2024\vmoptions\phpstorm.vmoptions
[DEBUG] env.PROCESSOR_ARCHITECTURE: AMD64
[DEBUG] env.PROCESSOR_IDENTIFIER: Intel64 Family 6 Model 186 Stepping 2, GenuineIntel
[DEBUG] env.PROCESSOR_LEVEL: 6
[DEBUG] env.PROCESSOR_REVISION: ba02
[DEBUG] env.PROGRAMDATA: C:\ProgramData
[DEBUG] env.PROGRAMFILES: C:\Program Files
[DEBUG] env.PROGRAMFILES(X86): C:\Program Files (x86)
[DEBUG] env.PROGRAMW6432: C:\Program Files
[DEBUG] env.PROMPT: $P$G
[DEBUG] env.PSMODULEPATH: D:\文档\WindowsPowerShell\Modules;C:\Program Files\WindowsPowerShell\Modules;C:\WINDOWS\system32\WindowsPowerShell\v1.0\Modules
[DEBUG] env.PT8HOME: D:\Cisco Packet Tracer 8.2.2
[DEBUG] env.PUBLIC: C:\Users\Public
[DEBUG] env.PYCHARM_VM_OPTIONS: D:\IDEA win2020-2024 jihuo\win2021-2024 s\win2021-2024\vmoptions\pycharm.vmoptions
[DEBUG] env.RIDER_VM_OPTIONS: D:\IDEA win2020-2024 jihuo\win2021-2024 s\win2021-2024\vmoptions\rider.vmoptions
[DEBUG] env.RUBYMINE_VM_OPTIONS: D:\IDEA win2020-2024 jihuo\win2021-2024 s\win2021-2024\vmoptions\rubymine.vmoptions
[DEBUG] env.RUSTROVER_VM_OPTIONS: D:\IntelliJ IDEA 2024.3.5\jetbra\vmoptions\rustrover.vmoptions
[DEBUG] env.SAFE_RM_ALLOWED_PATH: D:\大三下期末实训项目\apartment;c:\Users\86183\.trae-cn\memory;C:\Users\86183\AppData\Roaming\Trae CN\ModularData\ai-agent\hooks_env;C:\Users\86183\Library\Caches;C:\Users\86183\.cache;C:\Users\86183\.local\lib;C:\Users\86183\.local\bin;C:\Users\86183\.local\share;C:\Users\86183\go;C:\Users\86183\.gvm;C:\Users\86183\Library\Application Support\go;C:\Users\86183\.local\share\go;C:\Users\86183\.m2;C:\Users\86183\.gradle;C:\Users\86183\.sdkman;C:\Users\86183\miniconda3;C:\Users\86183\.conda;C:\Users\86183\.pyenv;C:\Users\86183\Library\Python;C:\Users\86183\.npm;C:\Users\86183\Library\pnpm;C:\Users\86183\.fnm;C:\Users\86183\.nvm;C:\Users\86183\.rustup;C:\Users\86183\.cargo;C:\Users\86183\.cmake;C:\Users\86183\.llvm;C:\Users\86183\.bazel;C:\Users\86183\.gitlog;C:\Users\86183\.docker;C:\Users\86183\Library\Logs;C:\Users\86183\fvm;C:\Users\86183\.swiftpm;D:\Android\.android;C:\Users\86183\.oracle_jre_usage;C:\Users\86183\.dart-tool;C:\Users\86183\.pub-cache;C:\Users\86183\Library\flutter;C:\Users\86183\Library\Developer\Xcode;C:\Users\86183\.yarn;C:\Users\86183\.foundry;C:\Users\86183\.asdf;C:\Users\86183\.jenv;C:\Users\86183\.gem;C:\Users\86183\.rvm;C:\Users\86183\.rbenv;C:\Users\86183\.bundle;C:\Users\86183\.dotnet;C:\Users\86183\.nuget;C:\Users\86183\.sbt;C:\Users\86183\.ivy2;C:\Users\86183\.coursier;C:\Users\86183\.hawtjni;C:\Users\86183\.local\state\pnpm;C:\Users\86183\.local\state\fnm_multishells;C:\Users\86183\.webx;C:\Users\86183\.bun;C:\Users\86183\.bash_history;C:\Users\86183\AppData\Local\go-build;C:\Users\86183\AppData\Local\pip;C:\Users\86183\AppData\Roaming\go;C:\Users\86183\AppData\Local\conda;C:\Users\86183\AppData\Local\uv;C:\Users\86183\AppData\Roaming\uv;C:\Users\86183\miniforge3;C:\Users\86183\AppData\Local\npm-cache;C:\Users\86183\AppData\Local\pnpm;C:\Users\86183\AppData\Local\Yarn;C:\Users\86183\AppData\Local\fnm_multishells;C:\Users\86183\AppData\Local\Microsoft\VSApplicationInsights;C:\Users\86183\AppData\Local\Microsoft\Windows\INetCache;C:\ProgramData\Microsoft\NetFramework\BreadcrumbStore;C:\Users\86183\AppData\Local\NuGet;C:\Users\86183\.templateengine;C:\Users\86183\.matplotlib;C:\Users\86183\AppData\Local\Microsoft\PowerShell;C:\Users\86183\AppData\Local\Microsoft\Windows\PowerShell;C:\Users\86183\AppData\Roaming\.dart-tool;C:\Users\86183\AppData\Roaming\.flutter;C:\Users\86183\AppData\Local\Temp;C:\Users\86183\AppData\LocalLow\Temp;C:\Users\86183\.Trash;C:\Users\86183\.lark-cli;C:\Users\86183\Library\Application Support\lark-cli;C:\Users\86183\.devflow-cli;C:\Users\86183\.agentbuddy;C:\Users\86183\.bits-ut
[DEBUG] env.SAFE_RM_AUTO_ADD_TEMP: 1
[DEBUG] env.SAFE_RM_DENIED_PATH: d:\大三下期末实训项目\apartment\.vscode;d:\大三下期末实训项目\apartment\.trae\mcp.json;d:\大三下期末实训项目\apartment\.git
[DEBUG] env.SAFE_RM_PROTECTION_FLAG: c:\Users\86183\AppData\Local\Temp\safe-rm-protection-flag-49498437-c21f-49dd-9c3d-4225c333aa7b
[DEBUG] env.SAFE_RM_SOURCE_FLAG: c:\Users\86183\AppData\Local\Temp\safe-rm-source-flag-d39f8eca-c88a-4bbb-ab71-f6eaa8f0e93e
[DEBUG] env.SBOX_SHARED_DATA_NAME: \Sessions\6\BaseNamedObjects\Host_Shared_TRAE-SBX-17412-1781000714039136200
[DEBUG] env.STUDIO_VM_OPTIONS: D:\IDEA win2020-2024 jihuo\win2021-2024 s\win2021-2024\vmoptions\studio.vmoptions
[DEBUG] env.SYSTEMDRIVE: C:
[DEBUG] env.SYSTEMROOT: C:\WINDOWS
[DEBUG] env.TEMP: C:\Users\86183\AppData\Local\Temp
[DEBUG] env.TERM_PRODUCT: Trae
[DEBUG] env.TERM_PROGRAM: vscode
[DEBUG] env.TERM_PROGRAM_VERSION: 1.107.1
[DEBUG] env.TMP: C:\Users\86183\AppData\Local\Temp
[DEBUG] env.TRAE_AI_SHELL_ID: 4
[DEBUG] env.TRAE_BRAND_NAME: Trae CN
[DEBUG] env.TRAE_JWT_TOKEN_PATH: C:\Users\86183\.trae-cn\trae-jwt-token
[DEBUG] env.TRAE_PREVENT_SHELL_HISTORY: 1
[DEBUG] env.TRAE_SANDBOX_CLI_PATH: d:\Trae CN\resources\app\modules\sandbox\trae-sandbox.exe
[DEBUG] env.TRAE_SANDBOX_COMMAND_LINE: cd d:\大三下期末实训项目\apartment; mvn compile -X 2>&1 | Out-File compile.log; Select-String -Path compile.log -Pattern "CheckIn" | Select-Object -First 20
[DEBUG] env.TRAE_SANDBOX_CONFIG_NAME: 6a241223612363d69363eac3
[DEBUG] env.TRAE_SANDBOX_DUMP_DIR: C:\Users\86183\AppData\Roaming\Trae CN\Crashpad\sandbox-pending
[DEBUG] env.TRAE_SANDBOX_LOG_DIR: c:\Users\86183\AppData\Roaming\Trae CN\logs\20260609T165258\Modular
[DEBUG] env.TRAE_SANDBOX_SOURCE_FLAG_PATH: c:\Users\86183\AppData\Local\Temp\sandbox-source-flag-a51590e3-dfb0-4d10-83bd-5c2fb00363b5
[DEBUG] env.TRAE_SANDBOX_STORAGE_PATH: C:\Users\86183\AppData\Roaming\Trae CN\ModularData\ai-agent\sandbox
[DEBUG] env.TRAE_SANDBOX_TRACE_FILE: c:\Users\86183\AppData\Local\Temp\trae_sandbox_trace_fabe325f-a62f-4989-97a1-2cf4d9d99b4f.jsonl
[DEBUG] env.USERDOMAIN: 荣耀-X14-PRO
[DEBUG] env.USERDOMAIN_ROAMINGPROFILE: 荣耀-X14-PRO
[DEBUG] env.USERNAME: 86183
[DEBUG] env.USERPROFILE: C:\Users\86183
[DEBUG] env.VSCODE_A11Y_MODE: 0
[DEBUG] env.VSCODE_ENV_PREPEND: PATH=c\x3a\\Users\\86183\\.trae-cn\\sdks\\workspaces\\6d3bd78c\\versions\\node\\current;c\x3a\\Users\\86183\\.trae-cn\\sdks\\versions\\node\\current;:PATH=c\x3a\\Users\\86183\\.trae-cn\\tools\\trae-gopls\\current;:PATH=D\x3a\\Java\\jdk-17\\bin;C\x3a\\Users\\86183\\.trae-cn\\tools\\maven\\latest\\bin;C\x3a\\Users\\86183\\.trae-cn\\tools\\gradle\\latest\\bin;
[DEBUG] env.VSCODE_ENV_REPLACE: JAVA_HOME=D\x3a\\Java\\jdk-17
[DEBUG] env.VSCODE_GIT_ASKPASS_EXTRA_ARGS: 
[DEBUG] env.VSCODE_GIT_ASKPASS_MAIN: d:\Trae CN\resources\app\extensions\git\dist\askpass-main.js
[DEBUG] env.VSCODE_GIT_ASKPASS_NODE: D:\Trae CN\Trae CN.exe
[DEBUG] env.VSCODE_GIT_IPC_HANDLE: \\.\pipe\vscode-git-3041b2a630-sock
[DEBUG] env.VSCODE_INJECTION: 1
[DEBUG] env.VSCODE_JAVA_EXEC: D:\Java\jdk-17\bin\java
[DEBUG] env.VSCODE_JDWP_ADAPTER_ENDPOINTS: c:\Users\86183\.trae-cn\extensions\vscjava.vscode-java-debug-0.59.0-universal\.noConfigDebugAdapterEndpoints\endpoint-0c416df241c4fb11.txt
[DEBUG] env.VSCODE_NONCE: 56d084aa-3830-46d3-8167-f62a59f392ce
[DEBUG] env.VSCODE_SHELL_ENV_REPORTING: PATH,VIRTUAL_ENV,HOME,SHELL,PWD
[DEBUG] env.VSCODE_STABLE: 1
[DEBUG] env.WDIR: D:\大三下期末实训项目\apartment
[DEBUG] env.WEBIDE_VM_OPTIONS: D:\IDEA win2020-2024 jihuo\win2021-2024 s\win2021-2024\vmoptions\webide.vmoptions
[DEBUG] env.WEBSTORM_VM_OPTIONS: D:\IDEA win2020-2024 jihuo\win2021-2024 s\win2021-2024\vmoptions\webstorm.vmoptions
[DEBUG] env.WINDIR: C:\WINDOWS
[DEBUG] env.ZES_ENABLE_SYSMAN: 1
[DEBUG] file.encoding: GBK
[DEBUG] file.separator: \
[DEBUG] flyway.version: 9.22.3
[DEBUG] freemarker.version: 2.3.32
[DEBUG] git-commit-id-maven-plugin.version: 6.0.0
[DEBUG] glassfish-jaxb.version: 4.0.5
[DEBUG] glassfish-jstl.version: 3.0.1
[DEBUG] graphql-java.version: 21.4
[DEBUG] groovy.version: 4.0.21
[DEBUG] gson.version: 2.10.1
[DEBUG] h2.version: 2.2.224
[DEBUG] hamcrest.version: 2.2
[DEBUG] hazelcast.version: 5.3.7
[DEBUG] hibernate-validator.version: 8.0.1.Final
[DEBUG] hibernate.version: 6.4.4.Final
[DEBUG] hikaricp.version: 5.0.1
[DEBUG] hsqldb.version: 2.7.2
[DEBUG] htmlunit.version: 2.70.0
[DEBUG] httpasyncclient.version: 4.1.5
[DEBUG] httpclient5.version: 5.2.3
[DEBUG] httpcore.version: 4.4.16
[DEBUG] httpcore5.version: 5.2.4
[DEBUG] infinispan.version: 14.0.27.Final
[DEBUG] influxdb-java.version: 2.23
[DEBUG] jackson-bom.version: 2.15.4
[DEBUG] jakarta-activation.version: 2.1.3
[DEBUG] jakarta-annotation.version: 2.1.1
[DEBUG] jakarta-jms.version: 3.1.0
[DEBUG] jakarta-json-bind.version: 3.0.1
[DEBUG] jakarta-json.version: 2.1.3
[DEBUG] jakarta-mail.version: 2.1.3
[DEBUG] jakarta-management.version: 1.1.4
[DEBUG] jakarta-persistence.version: 3.1.0
[DEBUG] jakarta-servlet-jsp-jstl.version: 3.0.0
[DEBUG] jakarta-servlet.version: 6.0.0
[DEBUG] jakarta-transaction.version: 2.0.1
[DEBUG] jakarta-validation.version: 3.0.2
[DEBUG] jakarta-websocket.version: 2.1.1
[DEBUG] jakarta-ws-rs.version: 3.1.0
[DEBUG] jakarta-xml-bind.version: 4.0.2
[DEBUG] jakarta-xml-soap.version: 3.0.1
[DEBUG] jakarta-xml-ws.version: 4.0.1
[DEBUG] janino.version: 3.1.12
[DEBUG] java.class.path: D:\apache-maven-3.9.11\apache-maven-3.9.11\boot\plexus-classworlds-2.9.0.jar
[DEBUG] java.class.version: 61.0
[DEBUG] java.home: D:\Java\jdk-17
[DEBUG] java.io.tmpdir: C:\Users\86183\AppData\Local\Temp\
[DEBUG] java.library.path: D:\Java\jdk-17\bin;C:\WINDOWS\Sun\Java\bin;C:\WINDOWS\system32;C:\WINDOWS;D:\Java\jdk-17\bin;C:\Users\86183\.trae-cn\tools\maven\latest\bin;C:\Users\86183\.trae-cn\tools\gradle\latest\bin;c:\Users\86183\.trae-cn\tools\trae-gopls\current;c:\Users\86183\.trae-cn\sdks\workspaces\6d3bd78c\versions\node\current;c:\Users\86183\.trae-cn\sdks\versions\node\current;C:\Program Files\MySQL\MySQL Server 8.0\bin;D:\Java\jdk-17\bin;D:\Java\jdk-21\bin;D:\Java\jdk-8\bin;D:\Java\jdk-17\bin;D:\python\Python312;D:\python\Python312\Scripts;C:\ProgramData\Oracle\Java\javapath;C:\Program Files\Common Files\Oracle\Java\javapath;C:\Program Files (x86)\Common Files\Oracle\Java\java8path;C:\Program Files (x86)\Common Files\Oracle\Java\javapath;C:\WINDOWS;C:\WINDOWS\System32\Wbem;C:\WINDOWS\System32\WindowsPowerShell\v1.0\;C:\WINDOWS\System32\OpenSSH\;C:\Program Files\dotnet\;D:\Windows Kits\10\Windows Performance Toolkit\;D:\010 Editor;C:\Program Files\Bandizip\;C:\WINDOWS\system32;D:\apache-maven-3.9.11\apache-maven-3.9.11\bin;D:\nodejs\;D:\Git\cmd;D:\chromedriver-win64\chromedriver-win64;D:\edgedriver_win64;C:\Users\86183\AppData\Local\Programs\Python\Python312\Scripts\;C:\Users\86183\AppData\Local\Programs\Python\Python312\;C:\Users\86183\AppData\Local\Microsoft\WindowsApps;C:\Users\86183\.dotnet\tools;D:\Microsoft VS Code\bin;D:\software\apache24\Apache24\bin;D:\software\php;D:\software\php\ext;C:\Users\86183\AppData\Roaming\npm;D:\Nmap;c:\Users\86183\.trae-cn\extensions\vscjava.vscode-java-debug-0.59.0-universal\bundled\scripts\noConfigScripts;d:\Trae CN\resources\app\node_modules\@vscode\ripgrep\bin;d:\Trae CN\resources\app\node_modules\@vscode\ripgrep\bin;.
[DEBUG] java.runtime.name: Java(TM) SE Runtime Environment
[DEBUG] java.runtime.version: 17+35-LTS-2724
[DEBUG] java.specification.name: Java Platform API Specification
[DEBUG] java.specification.vendor: Oracle Corporation
[DEBUG] java.specification.version: 17
[DEBUG] java.vendor: Oracle Corporation
[DEBUG] java.vendor.url: https://java.oracle.com/
[DEBUG] java.vendor.url.bug: https://bugreport.java.com/bugreport/
[DEBUG] java.version: 17
[DEBUG] java.version.date: 2021-09-14
[DEBUG] java.vm.compressedOopsMode: Zero based
[DEBUG] java.vm.info: mixed mode, sharing
[DEBUG] java.vm.name: Java HotSpot(TM) 64-Bit Server VM
[DEBUG] java.vm.specification.name: Java Virtual Machine Specification
[DEBUG] java.vm.specification.vendor: Oracle Corporation
[DEBUG] java.vm.specification.version: 17
[DEBUG] java.vm.vendor: Oracle Corporation
[DEBUG] java.vm.version: 17+35-LTS-2724
[DEBUG] javax-cache.version: 1.1.1
[DEBUG] javax-money.version: 1.1
[DEBUG] jaxen.version: 2.0.0
[DEBUG] jaybird.version: 5.0.4.java11
[DEBUG] jboss-logging.version: 3.5.3.Final
[DEBUG] jdk.debug: release
[DEBUG] jdom2.version: 2.0.6.1
[DEBUG] jedis.version: 5.0.2
[DEBUG] jersey.version: 3.1.6
[DEBUG] jetty-reactive-httpclient.version: 4.0.3
[DEBUG] jetty.version: 12.0.8
[DEBUG] jmustache.version: 1.15
[DEBUG] jooq.version: 3.18.14
[DEBUG] json-path.version: 2.9.0
[DEBUG] json-smart.version: 2.5.1
[DEBUG] jsonassert.version: 1.5.1
[DEBUG] jtds.version: 1.3.1
[DEBUG] junit-jupiter.version: 5.10.2
[DEBUG] junit.version: 4.13.2
[DEBUG] kafka.version: 3.6.2
[DEBUG] kotlin-coroutines.version: 1.7.3
[DEBUG] kotlin-serialization.version: 1.6.3
[DEBUG] kotlin.version: 1.9.23
[DEBUG] lettuce.version: 6.3.2.RELEASE
[DEBUG] library.jansi.path: D:\apache-maven-3.9.11\apache-maven-3.9.11\lib\jansi-native
[DEBUG] line.separator: 

[DEBUG] liquibase.version: 4.24.0
[DEBUG] log4j2.version: 2.21.1
[DEBUG] logback.version: 1.4.14
[DEBUG] lombok.version: 1.18.32
[DEBUG] mariadb.version: 3.3.3
[DEBUG] maven-antrun-plugin.version: 3.1.0
[DEBUG] maven-assembly-plugin.version: 3.6.0
[DEBUG] maven-clean-plugin.version: 3.3.2
[DEBUG] maven-compiler-plugin.version: 3.11.0
[DEBUG] maven-dependency-plugin.version: 3.6.1
[DEBUG] maven-deploy-plugin.version: 3.1.1
[DEBUG] maven-enforcer-plugin.version: 3.4.1
[DEBUG] maven-failsafe-plugin.version: 3.1.2
[DEBUG] maven-help-plugin.version: 3.4.0
[DEBUG] maven-install-plugin.version: 3.1.1
[DEBUG] maven-invoker-plugin.version: 3.6.1
[DEBUG] maven-jar-plugin.version: 3.3.0
[DEBUG] maven-javadoc-plugin.version: 3.6.3
[DEBUG] maven-resources-plugin.version: 3.3.1
[DEBUG] maven-shade-plugin.version: 3.5.2
[DEBUG] maven-source-plugin.version: 3.3.1
[DEBUG] maven-surefire-plugin.version: 3.1.2
[DEBUG] maven-war-plugin.version: 3.4.0
[DEBUG] maven.build.timestamp: 2026-06-09T10:25:19Z
[DEBUG] maven.build.version: Apache Maven 3.9.11 (3e54c93a704957b63ee3494413a2b544fd3d825b)
[DEBUG] maven.compiler.compilerVersion: 17
[DEBUG] maven.compiler.release: 17
[DEBUG] maven.compiler.source: 17
[DEBUG] maven.compiler.target: 17
[DEBUG] maven.conf: D:\apache-maven-3.9.11\apache-maven-3.9.11/conf
[DEBUG] maven.home: D:\apache-maven-3.9.11\apache-maven-3.9.11
[DEBUG] maven.multiModuleProjectDirectory: D:\大三下期末实训项目\apartment
[DEBUG] maven.version: 3.9.11
[DEBUG] micrometer-tracing.version: 1.2.5
[DEBUG] micrometer.version: 1.12.5
[DEBUG] mockito.version: 5.7.0
[DEBUG] mongodb.version: 4.11.2
[DEBUG] mssql-jdbc.version: 12.4.2.jre11
[DEBUG] mysql.version: 8.3.0
[DEBUG] native-build-tools-plugin.version: 0.9.28
[DEBUG] native.encoding: GBK
[DEBUG] nekohtml.version: 1.9.22
[DEBUG] neo4j-java-driver.version: 5.19.0
[DEBUG] netty.version: 4.1.109.Final
[DEBUG] okhttp.version: 4.12.0
[DEBUG] opentelemetry.version: 1.31.0
[DEBUG] oracle-database.version: 21.9.0.0
[DEBUG] oracle-r2dbc.version: 1.1.1
[DEBUG] os.arch: amd64
[DEBUG] os.name: Windows 10
[DEBUG] os.version: 10.0
[DEBUG] path.separator: ;
[DEBUG] pooled-jms.version: 3.1.5
[DEBUG] postgresql.version: 42.6.2
[DEBUG] project.baseUri: file:/D:/大三下期末实训项目/apartment/
[DEBUG] project.build.sourceEncoding: UTF-8
[DEBUG] project.reporting.outputEncoding: UTF-8
[DEBUG] prometheus-client.version: 0.16.0
[DEBUG] pulsar-reactive.version: 0.5.4
[DEBUG] pulsar.version: 3.1.3
[DEBUG] quartz.version: 2.3.2
[DEBUG] querydsl.version: 5.0.0
[DEBUG] r2dbc-h2.version: 1.0.0.RELEASE
[DEBUG] r2dbc-mariadb.version: 1.1.4
[DEBUG] r2dbc-mssql.version: 1.0.2.RELEASE
[DEBUG] r2dbc-mysql.version: 1.0.6
[DEBUG] r2dbc-pool.version: 1.0.1.RELEASE
[DEBUG] r2dbc-postgresql.version: 1.0.5.RELEASE
[DEBUG] r2dbc-proxy.version: 1.1.4.RELEASE
[DEBUG] r2dbc-spi.version: 1.0.0.RELEASE
[DEBUG] rabbit-amqp-client.version: 5.19.0
[DEBUG] rabbit-stream-client.version: 0.14.0
[DEBUG] reactive-streams.version: 1.0.4
[DEBUG] reactor-bom.version: 2023.0.5
[DEBUG] resource.delimiter: @
[DEBUG] rest-assured.version: 5.3.2
[DEBUG] rsocket.version: 1.1.3
[DEBUG] rxjava3.version: 3.1.8
[DEBUG] saaj-impl.version: 3.0.3
[DEBUG] selenium-htmlunit.version: 4.13.0
[DEBUG] selenium.version: 4.14.1
[DEBUG] sendgrid.version: 4.9.3
[DEBUG] slf4j.version: 2.0.13
[DEBUG] snakeyaml.version: 2.2
[DEBUG] spring-amqp.version: 3.1.4
[DEBUG] spring-authorization-server.version: 1.2.4
[DEBUG] spring-batch.version: 5.1.1
[DEBUG] spring-data-bom.version: 2023.1.5
[DEBUG] spring-framework.version: 6.1.6
[DEBUG] spring-graphql.version: 1.2.6
[DEBUG] spring-hateoas.version: 2.2.2
[DEBUG] spring-integration.version: 6.2.4
[DEBUG] spring-kafka.version: 3.1.4
[DEBUG] spring-ldap.version: 3.2.3
[DEBUG] spring-pulsar.version: 1.0.5
[DEBUG] spring-restdocs.version: 3.0.1
[DEBUG] spring-retry.version: 2.0.5
[DEBUG] spring-security.version: 6.2.4
[DEBUG] spring-session.version: 3.2.2
[DEBUG] spring-ws.version: 4.0.10
[DEBUG] sqlite-jdbc.version: 3.43.2.0
[DEBUG] sun.arch.data.model: 64
[DEBUG] sun.boot.library.path: D:\Java\jdk-17\bin
[DEBUG] sun.cpu.endian: little
[DEBUG] sun.cpu.isalist: amd64
[DEBUG] sun.io.unicode.encoding: UnicodeLittle
[DEBUG] sun.java.command: org.codehaus.plexus.classworlds.launcher.Launcher compile -X
[DEBUG] sun.java.launcher: SUN_STANDARD
[DEBUG] sun.jnu.encoding: GBK
[DEBUG] sun.management.compiler: HotSpot 64-Bit Tiered Compilers
[DEBUG] sun.os.patch.level: 
[DEBUG] testcontainers.version: 1.19.7
[DEBUG] thymeleaf-extras-data-attribute.version: 2.0.1
[DEBUG] thymeleaf-extras-springsecurity.version: 3.1.2.RELEASE
[DEBUG] thymeleaf-layout-dialect.version: 3.3.0
[DEBUG] thymeleaf.version: 3.1.2.RELEASE
[DEBUG] tomcat.version: 10.1.20
[DEBUG] unboundid-ldapsdk.version: 6.0.11
[DEBUG] undertow.version: 2.3.12.Final
[DEBUG] user.country: CN
[DEBUG] user.dir: D:\大三下期末实训项目\apartment
[DEBUG] user.home: C:\Users\86183
[DEBUG] user.language: zh
[DEBUG] user.name: 86183
[DEBUG] user.script: 
[DEBUG] user.variant: 
[DEBUG] versions-maven-plugin.version: 2.16.2
[DEBUG] webjars-locator-core.version: 0.55
[DEBUG] wsdl4j.version: 1.6.3
[DEBUG] xml-maven-plugin.version: 1.1.0
[DEBUG] xmlunit2.version: 2.9.1
[DEBUG] yasson.version: 3.0.3
[DEBUG] Using 'UTF-8' encoding to copy filtered resources.
[DEBUG] Using 'UTF-8' encoding to copy filtered properties files.
[DEBUG] resource with targetPath null
directory D:\大三下期末实训项目\apartment\src\main\resources
excludes []
includes [**/application*.yml, **/application*.yaml, **/application*.properties]
[DEBUG] ignoreDelta true
[INFO] Copying 1 resource from src\main\resources to target\classes
[DEBUG] Copying file application.yaml
[DEBUG] file application.yaml has a filtered file extension
[DEBUG] Using 'UTF-8' encoding to copy filtered resource 'application.yaml'.
[DEBUG] filtering D:\大三下期末实训项目\apartment\src\main\resources\application.yaml to D:\大三下期末实训项目\apartment\target\classes\application.yaml
[DEBUG] resource with targetPath null
directory D:\大三下期末实训项目\apartment\src\main\resources
excludes [**/application*.yml, **/application*.yaml, **/application*.properties]
includes []
[DEBUG] ignoreDelta true
[INFO] Copying 0 resource from src\main\resources to target\classes
[DEBUG] no user filter components
[INFO] 
[INFO] --- compiler:3.11.0:compile (default-compile) @ day2-springboot-project ---
[DEBUG] Dependency collection stats {ConflictMarker.analyzeTime=33400, ConflictMarker.markTime=12200, ConflictMarker.nodeCount=17, ConflictIdSorter.graphTime=50100, ConflictIdSorter.topsortTime=12800, ConflictIdSorter.conflictIdCount=12, ConflictIdSorter.conflictIdCycleCount=0, ConflictResolver.totalTime=100400, ConflictResolver.conflictItemCount=17, DfDependencyCollector.collectTime=90572300, DfDependencyCollector.transformTime=220500}
[DEBUG] org.apache.maven.plugins:maven-compiler-plugin:jar:3.11.0
[DEBUG]    org.apache.maven.shared:maven-shared-utils:jar:3.3.4:compile
[DEBUG]       commons-io:commons-io:jar:2.6:compile
[DEBUG]    org.apache.maven.shared:maven-shared-incremental:jar:1.1:compile
[DEBUG]       org.codehaus.plexus:plexus-component-annotations:jar:1.5.5:compile
[DEBUG]    org.codehaus.plexus:plexus-java:jar:1.1.2:compile
[DEBUG]       org.ow2.asm:asm:jar:9.4:compile
[DEBUG]       com.thoughtworks.qdox:qdox:jar:2.0.3:compile (version managed from default)
[DEBUG]    org.codehaus.plexus:plexus-compiler-api:jar:2.13.0:compile
[DEBUG]       org.codehaus.plexus:plexus-utils:jar:3.5.0:compile (version managed from default)
[DEBUG]    org.codehaus.plexus:plexus-compiler-manager:jar:2.13.0:compile
[DEBUG]    org.codehaus.plexus:plexus-compiler-javac:jar:2.13.0:runtime
[DEBUG] Created new class realm plugin>org.apache.maven.plugins:maven-compiler-plugin:3.11.0
[DEBUG] Importing foreign packages into class realm plugin>org.apache.maven.plugins:maven-compiler-plugin:3.11.0
[DEBUG]   Imported:  < maven.api
[DEBUG] Populating class realm plugin>org.apache.maven.plugins:maven-compiler-plugin:3.11.0
[DEBUG]   Included: org.apache.maven.plugins:maven-compiler-plugin:jar:3.11.0
[DEBUG]   Included: org.apache.maven.shared:maven-shared-utils:jar:3.3.4
[DEBUG]   Included: commons-io:commons-io:jar:2.6
[DEBUG]   Included: org.apache.maven.shared:maven-shared-incremental:jar:1.1
[DEBUG]   Included: org.codehaus.plexus:plexus-component-annotations:jar:1.5.5
[DEBUG]   Included: org.codehaus.plexus:plexus-java:jar:1.1.2
[DEBUG]   Included: org.ow2.asm:asm:jar:9.4
[DEBUG]   Included: com.thoughtworks.qdox:qdox:jar:2.0.3
[DEBUG]   Included: org.codehaus.plexus:plexus-compiler-api:jar:2.13.0
[DEBUG]   Included: org.codehaus.plexus:plexus-utils:jar:3.5.0
[DEBUG]   Included: org.codehaus.plexus:plexus-compiler-manager:jar:2.13.0
[DEBUG]   Included: org.codehaus.plexus:plexus-compiler-javac:jar:2.13.0
[DEBUG] Loading mojo org.apache.maven.plugins:maven-compiler-plugin:3.11.0:compile from plugin realm ClassRealm[plugin>org.apache.maven.plugins:maven-compiler-plugin:3.11.0, parent: jdk.internal.loader.ClassLoaders$AppClassLoader@70dea4e]
[DEBUG] Configuring mojo execution 'org.apache.maven.plugins:maven-compiler-plugin:3.11.0:compile:default-compile' with basic configurator -->
[DEBUG]   (f) basedir = D:\大三下期末实训项目\apartment
[DEBUG]   (f) buildDirectory = D:\大三下期末实训项目\apartment\target
[DEBUG]   (f) compilePath = [D:\大三下期末实训项目\apartment\target\classes, D:\apache-maven-3.9.11\apache-maven-3.9.11\repository\org\springframework\boot\spring-boot-starter\3.2.5\spring-boot-starter-3.2.5.jar, D:\apache-maven-3.9.11\apache-maven-3.9.11\repository\org\springframework\boot\spring-boot\3.2.5\spring-boot-3.2.5.jar, D:\apache-maven-3.9.11\apache-maven-3.9.11\repository\org\springframework\spring-context\6.1.6\spring-context-6.1.6.jar, D:\apache-maven-3.9.11\apache-maven-3.9.11\repository\org\springframework\boot\spring-boot-autoconfigure\3.2.5\spring-boot-autoconfigure-3.2.5.jar, D:\apache-maven-3.9.11\apache-maven-3.9.11\repository\org\springframework\boot\spring-boot-starter-logging\3.2.5\spring-boot-starter-logging-3.2.5.jar, D:\apache-maven-3.9.11\apache-maven-3.9.11\repository\ch\qos\logback\logback-classic\1.4.14\logback-classic-1.4.14.jar, D:\apache-maven-3.9.11\apache-maven-3.9.11\repository\ch\qos\logback\logback-core\1.4.14\logback-core-1.4.14.jar, D:\apache-maven-3.9.11\apache-maven-3.9.11\repository\org\apache\logging\log4j\log4j-to-slf4j\2.21.1\log4j-to-slf4j-2.21.1.jar, D:\apache-maven-3.9.11\apache-maven-3.9.11\repository\org\apache\logging\log4j\log4j-api\2.21.1\log4j-api-2.21.1.jar, D:\apache-maven-3.9.11\apache-maven-3.9.11\repository\org\slf4j\jul-to-slf4j\2.0.13\jul-to-slf4j-2.0.13.jar, D:\apache-maven-3.9.11\apache-maven-3.9.11\repository\jakarta\annotation\jakarta.annotation-api\2.1.1\jakarta.annotation-api-2.1.1.jar, D:\apache-maven-3.9.11\apache-maven-3.9.11\repository\org\springframework\spring-core\6.1.6\spring-core-6.1.6.jar, D:\apache-maven-3.9.11\apache-maven-3.9.11\repository\org\springframework\spring-jcl\6.1.6\spring-jcl-6.1.6.jar, D:\apache-maven-3.9.11\apache-maven-3.9.11\repository\org\yaml\snakeyaml\2.2\snakeyaml-2.2.jar, D:\apache-maven-3.9.11\apache-maven-3.9.11\repository\org\slf4j\slf4j-api\2.0.13\slf4j-api-2.0.13.jar, D:\apache-maven-3.9.11\apache-maven-3.9.11\repository\jakarta\xml\bind\jakarta.xml.bind-api\4.0.2\jakarta.xml.bind-api-4.0.2.jar, D:\apache-maven-3.9.11\apache-maven-3.9.11\repository\jakarta\activation\jakarta.activation-api\2.1.3\jakarta.activation-api-2.1.3.jar, D:\apache-maven-3.9.11\apache-maven-3.9.11\repository\com\baomidou\mybatis-plus-spring-boot3-starter\3.5.15\mybatis-plus-spring-boot3-starter-3.5.15.jar, D:\apache-maven-3.9.11\apache-maven-3.9.11\repository\com\baomidou\mybatis-plus\3.5.15\mybatis-plus-3.5.15.jar, D:\apache-maven-3.9.11\apache-maven-3.9.11\repository\com\baomidou\mybatis-plus-core\3.5.15\mybatis-plus-core-3.5.15.jar, D:\apache-maven-3.9.11\apache-maven-3.9.11\repository\com\baomidou\mybatis-plus-annotation\3.5.15\mybatis-plus-annotation-3.5.15.jar, D:\apache-maven-3.9.11\apache-maven-3.9.11\repository\com\baomidou\mybatis-plus-spring\3.5.15\mybatis-plus-spring-3.5.15.jar, D:\apache-maven-3.9.11\apache-maven-3.9.11\repository\com\baomidou\mybatis-plus-extension\3.5.15\mybatis-plus-extension-3.5.15.jar, D:\apache-maven-3.9.11\apache-maven-3.9.11\repository\org\mybatis\mybatis\3.5.19\mybatis-3.5.19.jar, D:\apache-maven-3.9.11\apache-maven-3.9.11\repository\org\mybatis\mybatis-spring\3.0.5\mybatis-spring-3.0.5.jar, D:\apache-maven-3.9.11\apache-maven-3.9.11\repository\com\baomidou\mybatis-plus-spring-boot-autoconfigure\3.5.15\mybatis-plus-spring-boot-autoconfigure-3.5.15.jar, D:\apache-maven-3.9.11\apache-maven-3.9.11\repository\org\springframework\boot\spring-boot-starter-jdbc\3.2.5\spring-boot-starter-jdbc-3.2.5.jar, D:\apache-maven-3.9.11\apache-maven-3.9.11\repository\com\zaxxer\HikariCP\5.0.1\HikariCP-5.0.1.jar, D:\apache-maven-3.9.11\apache-maven-3.9.11\repository\org\springframework\spring-jdbc\6.1.6\spring-jdbc-6.1.6.jar, D:\apache-maven-3.9.11\apache-maven-3.9.11\repository\org\springframework\spring-tx\6.1.6\spring-tx-6.1.6.jar, D:\apache-maven-3.9.11\apache-maven-3.9.11\repository\org\projectlombok\lombok\1.18.32\lombok-1.18.32.jar, D:\apache-maven-3.9.11\apache-maven-3.9.11\repository\com\baomidou\mybatis-plus-generator\3.5.15\mybatis-plus-generator-3.5.15.jar, D:\apache-maven-3.9.11\apache-maven-3.9.11\repository\org\freemarker\freemarker\2.3.28\freemarker-2.3.28.jar, D:\apache-maven-3.9.11\apache-maven-3.9.11\repository\org\springframework\boot\spring-boot-starter-web\3.2.5\spring-boot-starter-web-3.2.5.jar, D:\apache-maven-3.9.11\apache-maven-3.9.11\repository\org\springframework\boot\spring-boot-starter-json\3.2.5\spring-boot-starter-json-3.2.5.jar, D:\apache-maven-3.9.11\apache-maven-3.9.11\repository\com\fasterxml\jackson\core\jackson-databind\2.15.4\jackson-databind-2.15.4.jar, D:\apache-maven-3.9.11\apache-maven-3.9.11\repository\com\fasterxml\jackson\core\jackson-annotations\2.15.4\jackson-annotations-2.15.4.jar, D:\apache-maven-3.9.11\apache-maven-3.9.11\repository\com\fasterxml\jackson\core\jackson-core\2.15.4\jackson-core-2.15.4.jar, D:\apache-maven-3.9.11\apache-maven-3.9.11\repository\com\fasterxml\jackson\datatype\jackson-datatype-jdk8\2.15.4\jackson-datatype-jdk8-2.15.4.jar, D:\apache-maven-3.9.11\apache-maven-3.9.11\repository\com\fasterxml\jackson\datatype\jackson-datatype-jsr310\2.15.4\jackson-datatype-jsr310-2.15.4.jar, D:\apache-maven-3.9.11\apache-maven-3.9.11\repository\com\fasterxml\jackson\module\jackson-module-parameter-names\2.15.4\jackson-module-parameter-names-2.15.4.jar, D:\apache-maven-3.9.11\apache-maven-3.9.11\repository\org\springframework\boot\spring-boot-starter-tomcat\3.2.5\spring-boot-starter-tomcat-3.2.5.jar, D:\apache-maven-3.9.11\apache-maven-3.9.11\repository\org\apache\tomcat\embed\tomcat-embed-core\10.1.20\tomcat-embed-core-10.1.20.jar, D:\apache-maven-3.9.11\apache-maven-3.9.11\repository\org\apache\tomcat\embed\tomcat-embed-el\10.1.20\tomcat-embed-el-10.1.20.jar, D:\apache-maven-3.9.11\apache-maven-3.9.11\repository\org\apache\tomcat\embed\tomcat-embed-websocket\10.1.20\tomcat-embed-websocket-10.1.20.jar, D:\apache-maven-3.9.11\apache-maven-3.9.11\repository\org\springframework\spring-web\6.1.6\spring-web-6.1.6.jar, D:\apache-maven-3.9.11\apache-maven-3.9.11\repository\org\springframework\spring-beans\6.1.6\spring-beans-6.1.6.jar, D:\apache-maven-3.9.11\apache-maven-3.9.11\repository\io\micrometer\micrometer-observation\1.12.5\micrometer-observation-1.12.5.jar, D:\apache-maven-3.9.11\apache-maven-3.9.11\repository\io\micrometer\micrometer-commons\1.12.5\micrometer-commons-1.12.5.jar, D:\apache-maven-3.9.11\apache-maven-3.9.11\repository\org\springframework\spring-webmvc\6.1.6\spring-webmvc-6.1.6.jar, D:\apache-maven-3.9.11\apache-maven-3.9.11\repository\org\springframework\spring-aop\6.1.6\spring-aop-6.1.6.jar, D:\apache-maven-3.9.11\apache-maven-3.9.11\repository\org\springframework\spring-expression\6.1.6\spring-expression-6.1.6.jar, D:\apache-maven-3.9.11\apache-maven-3.9.11\repository\com\github\xiaoymin\knife4j-openapi3-jakarta-spring-boot-starter\4.3.0\knife4j-openapi3-jakarta-spring-boot-starter-4.3.0.jar, D:\apache-maven-3.9.11\apache-maven-3.9.11\repository\com\github\xiaoymin\knife4j-core\4.3.0\knife4j-core-4.3.0.jar, D:\apache-maven-3.9.11\apache-maven-3.9.11\repository\com\github\xiaoymin\knife4j-openapi3-ui\4.3.0\knife4j-openapi3-ui-4.3.0.jar, D:\apache-maven-3.9.11\apache-maven-3.9.11\repository\org\springdoc\springdoc-openapi-starter-webmvc-ui\2.0.4\springdoc-openapi-starter-webmvc-ui-2.0.4.jar, D:\apache-maven-3.9.11\apache-maven-3.9.11\repository\org\springdoc\springdoc-openapi-starter-webmvc-api\2.0.4\springdoc-openapi-starter-webmvc-api-2.0.4.jar, D:\apache-maven-3.9.11\apache-maven-3.9.11\repository\org\springdoc\springdoc-openapi-starter-common\2.0.4\springdoc-openapi-starter-common-2.0.4.jar, D:\apache-maven-3.9.11\apache-maven-3.9.11\repository\io\swagger\core\v3\swagger-core-jakarta\2.2.8\swagger-core-jakarta-2.2.8.jar, D:\apache-maven-3.9.11\apache-maven-3.9.11\repository\org\apache\commons\commons-lang3\3.13.0\commons-lang3-3.13.0.jar, D:\apache-maven-3.9.11\apache-maven-3.9.11\repository\io\swagger\core\v3\swagger-annotations-jakarta\2.2.8\swagger-annotations-jakarta-2.2.8.jar, D:\apache-maven-3.9.11\apache-maven-3.9.11\repository\io\swagger\core\v3\swagger-models-jakarta\2.2.8\swagger-models-jakarta-2.2.8.jar, D:\apache-maven-3.9.11\apache-maven-3.9.11\repository\jakarta\validation\jakarta.validation-api\3.0.2\jakarta.validation-api-3.0.2.jar, D:\apache-maven-3.9.11\apache-maven-3.9.11\repository\com\fasterxml\jackson\dataformat\jackson-dataformat-yaml\2.15.4\jackson-dataformat-yaml-2.15.4.jar, D:\apache-maven-3.9.11\apache-maven-3.9.11\repository\org\webjars\swagger-ui\4.18.1\swagger-ui-4.18.1.jar, D:\apache-maven-3.9.11\apache-maven-3.9.11\repository\org\webjars\webjars-locator-core\0.55\webjars-locator-core-0.55.jar, D:\apache-maven-3.9.11\apache-maven-3.9.11\repository\io\github\classgraph\classgraph\4.8.149\classgraph-4.8.149.jar]
[DEBUG]   (f) compileSourceRoots = [D:\大三下期末实训项目\apartment\src\main\java]
[DEBUG]   (f) compilerId = javac
[DEBUG]   (f) compilerVersion = 17
[DEBUG]   (f) createMissingPackageInfoClass = true
[DEBUG]   (f) debug = true
[DEBUG]   (f) debugFileName = javac
[DEBUG]   (f) enablePreview = false
[DEBUG]   (f) encoding = UTF-8
[DEBUG]   (f) failOnError = true
[DEBUG]   (f) failOnWarning = false
[DEBUG]   (f) forceJavacCompilerUse = false
[DEBUG]   (f) fork = false
[DEBUG]   (f) generatedSourcesDirectory = D:\大三下期末实训项目\apartment\target\generated-sources\annotations
[DEBUG]   (f) mojoExecution = org.apache.maven.plugins:maven-compiler-plugin:3.11.0:compile {execution: default-compile}
[DEBUG]   (f) optimize = false
[DEBUG]   (f) outputDirectory = D:\大三下期末实训项目\apartment\target\classes
[DEBUG]   (f) parameters = true
[DEBUG]   (f) project = MavenProject: com.wanhe:day2-springboot-project:0.0.1-SNAPSHOT @ D:\大三下期末实训项目\apartment\pom.xml
[DEBUG]   (f) projectArtifact = com.wanhe:day2-springboot-project:jar:0.0.1-SNAPSHOT
[DEBUG]   (s) release = 17
[DEBUG]   (f) session = org.apache.maven.execution.MavenSession@77049094
[DEBUG]   (f) showCompilationChanges = false
[DEBUG]   (f) showDeprecation = false
[DEBUG]   (f) showWarnings = true
[DEBUG]   (f) skipMultiThreadWarning = false
[DEBUG]   (f) source = 17
[DEBUG]   (f) staleMillis = 0
[DEBUG]   (s) target = 17
[DEBUG]   (f) useIncrementalCompilation = true
[DEBUG]   (f) verbose = false
[DEBUG] -- end configuration --
[DEBUG] Using compiler 'javac'.
[DEBUG] Adding D:\大三下期末实训项目\apartment\target\generated-sources\annotations to compile source roots:
  D:\大三下期末实训项目\apartment\src\main\java
[DEBUG] New compile source roots:
  D:\大三下期末实训项目\apartment\src\main\java
  D:\大三下期末实训项目\apartment\target\generated-sources\annotations
[DEBUG] CompilerReuseStrategy: reuseCreated
[DEBUG] useIncrementalCompilation enabled
[DEBUG] Stale source detected: D:\大三下期末实训项目\apartment\src\main\java\com\wanhe\apartment\controller\KeyDistributionController.java
[DEBUG] Stale source detected: D:\大三下期末实训项目\apartment\src\main\java\com\wanhe\apartment\entity\VActiveRooms.java
[DEBUG] Stale source detected: D:\大三下期末实训项目\apartment\src\main\java\com\wanhe\apartment\service\IVRoomStatusDashboardService.java
[DEBUG] Stale source detected: D:\大三下期末实训项目\apartment\src\main\java\com\wanhe\apartment\service\impl\SysPermissionServiceImpl.java
[DEBUG] Stale source detected: D:\大三下期末实训项目\apartment\src\main\java\com\wanhe\apartment\controller\CleaningPlanController.java
[DEBUG] Stale source detected: D:\大三下期末实训项目\apartment\src\main\java\com\wanhe\apartment\service\impl\MaintenanceTrackingServiceImpl.java
[DEBUG] Stale source detected: D:\大三下期末实训项目\apartment\src\main\java\com\wanhe\apartment\entity\RoomStatusHistory.java
[DEBUG] Stale source detected: D:\大三下期末实训项目\apartment\src\main\java\com\wanhe\apartment\service\impl\CleaningExecutionServiceImpl.java
[DEBUG] Stale source detected: D:\大三下期末实训项目\apartment\src\main\java\com\wanhe\apartment\entity\Booking.java
[DEBUG] Stale source detected: D:\大三下期末实训项目\apartment\src\main\java\com\wanhe\apartment\service\impl\SysRolePermissionServiceImpl.java
[DEBUG] Stale source detected: D:\大三下期末实训项目\apartment\src\main\java\com\wanhe\apartment\service\IVActiveRoomsService.java
[DEBUG] Stale source detected: D:\大三下期末实训项目\apartment\src\main\java\com\wanhe\apartment\service\IVOverdueTenantTop10Service.java
[DEBUG] Stale source detected: D:\大三下期末实训项目\apartment\src\main\java\com\wanhe\apartment\controller\SysPermissionController.java
[DEBUG] Stale source detected: D:\大三下期末实训项目\apartment\src\main\java\com\wanhe\apartment\service\impl\RoomTypeServiceImpl.java
[DEBUG] Stale source detected: D:\大三下期末实训项目\apartment\src\main\java\com\wanhe\apartment\config\Knife4jConfig.java
[DEBUG] Stale source detected: D:\大三下期末实训项目\apartment\src\main\java\com\wanhe\apartment\entity\SysOperLog.java
[DEBUG] Stale source detected: D:\大三下期末实训项目\apartment\src\main\java\com\wanhe\apartment\mapper\MaintenanceOrderMapper.java
[DEBUG] Stale source detected: D:\大三下期末实训项目\apartment\src\main\java\com\wanhe\apartment\controller\TenantAttachmentController.java
[DEBUG] Stale source detected: D:\大三下期末实训项目\apartment\src\main\java\com\wanhe\apartment\controller\VRoomStatusDashboardController.java
[DEBUG] Stale source detected: D:\大三下期末实训项目\apartment\src\main\java\com\wanhe\apartment\controller\RoomFacilityController.java
[DEBUG] Stale source detected: D:\大三下期末实训项目\apartment\src\main\java\com\wanhe\apartment\service\ICleaningPlanService.java
[DEBUG] Stale source detected: D:\大三下期末实训项目\apartment\src\main\java\com\wanhe\apartment\service\ISysConfigService.java
[DEBUG] Stale source detected: D:\大三下期末实训项目\apartment\src\main\java\com\wanhe\apartment\entity\VOverdueTenantTop10.java
[DEBUG] Stale source detected: D:\大三下期末实训项目\apartment\src\main\java\com\wanhe\apartment\service\IRoomImageService.java
[DEBUG] Stale source detected: D:\大三下期末实训项目\apartment\src\main\java\com\wanhe\apartment\service\impl\SysUserServiceImpl.java
[DEBUG] Stale source detected: D:\大三下期末实训项目\apartment\src\main\java\com\wanhe\apartment\mapper\SysUserRoleMapper.java
[DEBUG] Stale source detected: D:\大三下期末实训项目\apartment\src\main\java\com\wanhe\apartment\mapper\VActiveRoomsMapper.java
[DEBUG] Stale source detected: D:\大三下期末实训项目\apartment\src\main\java\com\wanhe\apartment\dto\LoginResponse.java
[DEBUG] Stale source detected: D:\大三下期末实训项目\apartment\src\main\java\com\wanhe\apartment\service\impl\BillServiceImpl.java
[DEBUG] Stale source detected: D:\大三下期末实训项目\apartment\src\main\java\com\wanhe\apartment\entity\RentRule.java
[DEBUG] Stale source detected: D:\大三下期末实训项目\apartment\src\main\java\com\wanhe\apartment\mapper\VReceivableStatsMapper.java
[DEBUG] Stale source detected: D:\大三下期末实训项目\apartment\src\main\java\com\wanhe\apartment\service\impl\VReceivableStatsServiceImpl.java
[DEBUG] Stale source detected: D:\大三下期末实训项目\apartment\src\main\java\com\wanhe\apartment\controller\RoomStatusHistoryController.java
[DEBUG] Stale source detected: D:\大三下期末实训项目\apartment\src\main\java\com\wanhe\apartment\controller\VActiveTenantsController.java
[DEBUG] Stale source detected: D:\大三下期末实训项目\apartment\src\main\java\com\wanhe\apartment\service\IRentRuleService.java
[DEBUG] Stale source detected: D:\大三下期末实训项目\apartment\src\main\java\com\wanhe\apartment\mapper\RentRuleMapper.java
[DEBUG] Stale source detected: D:\大三下期末实训项目\apartment\src\main\java\com\wanhe\apartment\controller\MaintenanceOrderController.java
[DEBUG] Stale source detected: D:\大三下期末实训项目\apartment\src\main\java\com\wanhe\apartment\entity\CleaningPlan.java
[DEBUG] Stale source detected: D:\大三下期末实训项目\apartment\src\main\java\com\wanhe\apartment\mapper\MaintenanceTrackingMapper.java
[DEBUG] Stale source detected: D:\大三下期末实训项目\apartment\src\main\java\com\wanhe\apartment\mapper\BookingMapper.java
[DEBUG] Stale source detected: D:\大三下期末实训项目\apartment\src\main\java\com\wanhe\apartment\apartment.java
[DEBUG] Stale source detected: D:\大三下期末实训项目\apartment\src\main\java\com\wanhe\apartment\service\IAuthService.java
[DEBUG] Stale source detected: D:\大三下期末实训项目\apartment\src\main\java\com\wanhe\apartment\service\impl\CleaningPlanServiceImpl.java
[DEBUG] Stale source detected: D:\大三下期末实训项目\apartment\src\main\java\com\wanhe\apartment\controller\VVacancyAnalysisController.java
[DEBUG] Stale source detected: D:\大三下期末实训项目\apartment\src\main\java\com\wanhe\apartment\entity\VRentTrend.java
[DEBUG] Stale source detected: D:\大三下期末实训项目\apartment\src\main\java\com\wanhe\apartment\controller\PaymentRecordController.java
[DEBUG] Stale source detected: D:\大三下期末实训项目\apartment\src\main\java\com\wanhe\apartment\service\IMaintenanceTrackingService.java
[DEBUG] Stale source detected: D:\大三下期末实训项目\apartment\src\main\java\com\wanhe\apartment\service\impl\InspectionRecordServiceImpl.java
[DEBUG] Stale source detected: D:\大三下期末实训项目\apartment\src\main\java\com\wanhe\apartment\mapper\RoomImageMapper.java
[DEBUG] Stale source detected: D:\大三下期末实训项目\apartment\src\main\java\com\wanhe\apartment\service\IOverdueRecordService.java
[DEBUG] Stale source detected: D:\大三下期末实训项目\apartment\src\main\java\com\wanhe\apartment\service\impl\VActiveRoomsServiceImpl.java
[DEBUG] Stale source detected: D:\大三下期末实训项目\apartment\src\main\java\com\wanhe\apartment\service\IBillService.java
[DEBUG] Stale source detected: D:\大三下期末实训项目\apartment\src\main\java\com\wanhe\apartment\controller\VOverdueTenantTop10Controller.java
[DEBUG] Stale source detected: D:\大三下期末实训项目\apartment\src\main\java\com\wanhe\apartment\service\impl\SysConfigServiceImpl.java
[DEBUG] Stale source detected: D:\大三下期末实训项目\apartment\src\main\java\com\wanhe\apartment\controller\SysDictController.java
[DEBUG] Stale source detected: D:\大三下期末实训项目\apartment\src\main\java\com\wanhe\apartment\controller\SysRolePermissionController.java
[DEBUG] Stale source detected: D:\大三下期末实训项目\apartment\src\main\java\com\wanhe\apartment\service\IDepositRefundService.java
[DEBUG] Stale source detected: D:\大三下期末实训项目\apartment\src\main\java\com\wanhe\apartment\service\impl\SysDictServiceImpl.java
[DEBUG] Stale source detected: D:\大三下期末实训项目\apartment\src\main\java\com\wanhe\apartment\controller\RoomTypeController.java
[DEBUG] Stale source detected: D:\大三下期末实训项目\apartment\src\main\java\com\wanhe\apartment\controller\TenantController.java
[DEBUG] Stale source detected: D:\大三下期末实训项目\apartment\src\main\java\com\wanhe\apartment\mapper\KeyDistributionMapper.java
[DEBUG] Stale source detected: D:\大三下期末实训项目\apartment\src\main\java\com\wanhe\apartment\service\impl\RoomImageServiceImpl.java
[DEBUG] Stale source detected: D:\大三下期末实训项目\apartment\src\main\java\com\wanhe\apartment\mapper\SysDictMapper.java
[DEBUG] Stale source detected: D:\大三下期末实训项目\apartment\src\main\java\com\wanhe\apartment\controller\OverdueRecordController.java
[DEBUG] Stale source detected: D:\大三下期末实训项目\apartment\src\main\java\com\wanhe\apartment\mapper\ContractMapper.java
[DEBUG] Stale source detected: D:\大三下期末实训项目\apartment\src\main\java\com\wanhe\apartment\service\ISysOperLogService.java
[DEBUG] Stale source detected: D:\大三下期末实训项目\apartment\src\main\java\com\wanhe\apartment\controller\MaintenanceTrackingController.java
[DEBUG] Stale source detected: D:\大三下期末实训项目\apartment\src\main\java\com\wanhe\apartment\service\impl\SysOperLogServiceImpl.java
[DEBUG] Stale source detected: D:\大三下期末实训项目\apartment\src\main\java\com\wanhe\apartment\controller\CheckOutApplicationController.java
[DEBUG] Stale source detected: D:\大三下期末实训项目\apartment\src\main\java\com\wanhe\apartment\service\ICheckInService.java
[DEBUG] Stale source detected: D:\大三下期末实训项目\apartment\src\main\java\com\wanhe\apartment\controller\AuthController.java
[DEBUG] Stale source detected: D:\大三下期末实训项目\apartment\src\main\java\com\wanhe\apartment\mapper\CleaningExecutionMapper.java
[DEBUG] Stale source detected: D:\大三下期末实训项目\apartment\src\main\java\com\wanhe\apartment\mapper\RoomTypeMapper.java
[DEBUG] Stale source detected: D:\大三下期末实训项目\apartment\src\main\java\com\wanhe\apartment\service\ISysUserRoleService.java
[DEBUG] Stale source detected: D:\大三下期末实训项目\apartment\src\main\java\com\wanhe\apartment\service\impl\VOverdueTenantTop10ServiceImpl.java
[DEBUG] Stale source detected: D:\大三下期末实训项目\apartment\src\main\java\com\wanhe\apartment\entity\VReceivableStats.java
[DEBUG] Stale source detected: D:\大三下期末实训项目\apartment\src\main\java\com\wanhe\apartment\entity\DepositRefund.java
[DEBUG] Stale source detected: D:\大三下期末实训项目\apartment\src\main\java\com\wanhe\apartment\service\ISettlementService.java
[DEBUG] Stale source detected: D:\大三下期末实训项目\apartment\src\main\java\com\wanhe\apartment\entity\CheckIn.java
[DEBUG] Stale source detected: D:\大三下期末实训项目\apartment\src\main\java\com\wanhe\apartment\service\impl\OverdueRecordServiceImpl.java
[DEBUG] Stale source detected: D:\大三下期末实训项目\apartment\src\main\java\com\wanhe\apartment\controller\BuildingController.java
[DEBUG] Stale source detected: D:\大三下期末实训项目\apartment\src\main\java\com\wanhe\apartment\mapper\StoreMapper.java
[DEBUG] Stale source detected: D:\大三下期末实训项目\apartment\src\main\java\com\wanhe\apartment\service\ISysRolePermissionService.java
[DEBUG] Stale source detected: D:\大三下期末实训项目\apartment\src\main\java\com\wanhe\apartment\controller\StoreConfigController.java
[DEBUG] Stale source detected: D:\大三下期末实训项目\apartment\src\main\java\com\wanhe\apartment\service\IRoomStatusHistoryService.java
[DEBUG] Stale source detected: D:\大三下期末实训项目\apartment\src\main\java\com\wanhe\apartment\ApartmentApplication.java
[DEBUG] Stale source detected: D:\大三下期末实训项目\apartment\src\main\java\com\wanhe\apartment\mapper\RoomStatusHistoryMapper.java
[DEBUG] Stale source detected: D:\大三下期末实训项目\apartment\src\main\java\com\wanhe\apartment\service\IBuildingService.java
[DEBUG] Stale source detected: D:\大三下期末实训项目\apartment\src\main\java\com\wanhe\apartment\service\impl\SysUserRoleServiceImpl.java
[DEBUG] Stale source detected: D:\大三下期末实训项目\apartment\src\main\java\com\wanhe\apartment\mapper\VRentTrendMapper.java
[DEBUG] Stale source detected: D:\大三下期末实训项目\apartment\src\main\java\com\wanhe\apartment\mapper\VOverdueTenantTop10Mapper.java
[DEBUG] Stale source detected: D:\大三下期末实训项目\apartment\src\main\java\com\wanhe\apartment\entity\SysUser.java
[DEBUG] Stale source detected: D:\大三下期末实训项目\apartment\src\main\java\com\wanhe\apartment\entity\VActiveContracts.java
[DEBUG] Stale source detected: D:\大三下期末实训项目\apartment\src\main\java\com\wanhe\apartment\mapper\DepositRefundMapper.java
[DEBUG] Stale source detected: D:\大三下期末实训项目\apartment\src\main\java\com\wanhe\apartment\mapper\CheckInMapper.java
[DEBUG] Stale source detected: D:\大三下期末实训项目\apartment\src\main\java\com\wanhe\apartment\controller\DepositRefundController.java
[DEBUG] Stale source detected: D:\大三下期末实训项目\apartment\src\main\java\com\wanhe\apartment\service\impl\BookingServiceImpl.java
[DEBUG] Stale source detected: D:\大三下期末实训项目\apartment\src\main\java\com\wanhe\apartment\service\ISysDictService.java
[DEBUG] Stale source detected: D:\大三下期末实训项目\apartment\src\main\java\com\wanhe\apartment\service\impl\KeyDistributionServiceImpl.java
[DEBUG] Stale source detected: D:\大三下期末实训项目\apartment\src\main\java\com\wanhe\apartment\service\impl\VVacancyAnalysisServiceImpl.java
[DEBUG] Stale source detected: D:\大三下期末实训项目\apartment\src\main\java\com\wanhe\apartment\controller\SysUserRoleController.java
[DEBUG] Stale source detected: D:\大三下期末实训项目\apartment\src\main\java\com\wanhe\apartment\service\impl\MaintenanceOrderServiceImpl.java
[DEBUG] Stale source detected: D:\大三下期末实训项目\apartment\src\main\java\com\wanhe\apartment\entity\VVacancyAnalysis.java
[DEBUG] Stale source detected: D:\大三下期末实训项目\apartment\src\main\java\com\wanhe\apartment\service\IInspectionRecordService.java
[DEBUG] Stale source detected: D:\大三下期末实训项目\apartment\src\main\java\com\wanhe\apartment\service\impl\VRentTrendServiceImpl.java
[DEBUG] Stale source detected: D:\大三下期末实训项目\apartment\src\main\java\com\wanhe\apartment\mapper\VVacancyAnalysisMapper.java
[DEBUG] Stale source detected: D:\大三下期末实训项目\apartment\src\main\java\com\wanhe\apartment\service\impl\CheckInServiceImpl.java
[DEBUG] Stale source detected: D:\大三下期末实训项目\apartment\src\main\java\com\wanhe\apartment\controller\RoomController.java
[DEBUG] Stale source detected: D:\大三下期末实训项目\apartment\src\main\java\com\wanhe\apartment\entity\InspectionRecord.java
[DEBUG] Stale source detected: D:\大三下期末实训项目\apartment\src\main\java\com\wanhe\apartment\mapper\InspectionRecordMapper.java
[DEBUG] Stale source detected: D:\大三下期末实训项目\apartment\src\main\java\com\wanhe\apartment\mapper\SysPermissionMapper.java
[DEBUG] Stale source detected: D:\大三下期末实训项目\apartment\src\main\java\com\wanhe\apartment\controller\CleaningExecutionController.java
[DEBUG] Stale source detected: D:\大三下期末实训项目\apartment\src\main\java\com\wanhe\apartment\mapper\OverdueRecordMapper.java
[DEBUG] Stale source detected: D:\大三下期末实训项目\apartment\src\main\java\com\wanhe\apartment\controller\BookingController.java
[DEBUG] Stale source detected: D:\大三下期末实训项目\apartment\src\main\java\com\wanhe\apartment\mapper\BillMapper.java
[DEBUG] Stale source detected: D:\大三下期末实训项目\apartment\src\main\java\com\wanhe\apartment\entity\SysRolePermission.java
[DEBUG] Stale source detected: D:\大三下期末实训项目\apartment\src\main\java\com\wanhe\apartment\service\impl\BuildingServiceImpl.java
[DEBUG] Stale source detected: D:\大三下期末实训项目\apartment\src\main\java\com\wanhe\apartment\service\impl\ContractServiceImpl.java
[DEBUG] Stale source detected: D:\大三下期末实训项目\apartment\src\main\java\com\wanhe\apartment\service\impl\SettlementServiceImpl.java
[DEBUG] Stale source detected: D:\大三下期末实训项目\apartment\src\main\java\com\wanhe\apartment\service\IVActiveContractsService.java
[DEBUG] Stale source detected: D:\大三下期末实训项目\apartment\src\main\java\com\wanhe\apartment\controller\SysRoleController.java
[DEBUG] Stale source detected: D:\大三下期末实训项目\apartment\src\main\java\com\wanhe\apartment\service\impl\RoomStatusHistoryServiceImpl.java
[DEBUG] Stale source detected: D:\大三下期末实训项目\apartment\src\main\java\com\wanhe\apartment\service\impl\StoreServiceImpl.java
[DEBUG] Stale source detected: D:\大三下期末实训项目\apartment\src\main\java\com\wanhe\apartment\service\IVReceivableStatsService.java
[DEBUG] Stale source detected: D:\大三下期末实训项目\apartment\src\main\java\com\wanhe\apartment\controller\SysOperLogController.java
[DEBUG] Stale source detected: D:\大三下期末实训项目\apartment\src\main\java\com\wanhe\apartment\service\ITenantAttachmentService.java
[DEBUG] Stale source detected: D:\大三下期末实训项目\apartment\src\main\java\com\wanhe\apartment\controller\VActiveContractsController.java
[DEBUG] Stale source detected: D:\大三下期末实训项目\apartment\src\main\java\com\wanhe\apartment\controller\SysUserController.java
[DEBUG] Stale source detected: D:\大三下期末实训项目\apartment\src\main\java\com\wanhe\apartment\service\impl\VRoomStatusDashboardServiceImpl.java
[DEBUG] Stale source detected: D:\大三下期末实训项目\apartment\src\main\java\com\wanhe\apartment\controller\VStoreOperationReportController.java
[DEBUG] Stale source detected: D:\大三下期末实训项目\apartment\src\main\java\com\wanhe\apartment\mapper\CleaningPlanMapper.java
[DEBUG] Stale source detected: D:\大三下期末实训项目\apartment\src\main\java\com\wanhe\apartment\service\IBookingService.java
[DEBUG] Stale source detected: D:\大三下期末实训项目\apartment\src\main\java\com\wanhe\apartment\entity\SysDict.java
[DEBUG] Stale source detected: D:\大三下期末实训项目\apartment\src\main\java\com\wanhe\apartment\service\ISysUserService.java
[DEBUG] Stale source detected: D:\大三下期末实训项目\apartment\src\main\java\com\wanhe\apartment\service\impl\AuthServiceImpl.java
[DEBUG] Stale source detected: D:\大三下期末实训项目\apartment\src\main\java\com\wanhe\apartment\service\impl\TenantAttachmentServiceImpl.java
[DEBUG] Stale source detected: D:\大三下期末实训项目\apartment\src\main\java\com\wanhe\apartment\service\IVVacancyAnalysisService.java
[DEBUG] Stale source detected: D:\大三下期末实训项目\apartment\src\main\java\com\wanhe\apartment\service\IVRentTrendService.java
[DEBUG] Stale source detected: D:\大三下期末实训项目\apartment\src\main\java\com\wanhe\apartment\controller\RentRuleController.java
[DEBUG] Stale source detected: D:\大三下期末实训项目\apartment\src\main\java\com\wanhe\apartment\entity\Bill.java
[DEBUG] Stale source detected: D:\大三下期末实训项目\apartment\src\main\java\com\wanhe\apartment\mapper\SysUserMapper.java
[DEBUG] Stale source detected: D:\大三下期末实训项目\apartment\src\main\java\com\wanhe\apartment\entity\OverdueRecord.java
[DEBUG] Stale source detected: D:\大三下期末实训项目\apartment\src\main\java\com\wanhe\apartment\service\IMaintenanceOrderService.java
[DEBUG] Stale source detected: D:\大三下期末实训项目\apartment\src\main\java\com\wanhe\apartment\entity\SysUserRole.java
[DEBUG] Stale source detected: D:\大三下期末实训项目\apartment\src\main\java\com\wanhe\apartment\mapper\VActiveContractsMapper.java
[DEBUG] Stale source detected: D:\大三下期末实训项目\apartment\src\main\java\com\wanhe\apartment\controller\TenantPortalController.java
[DEBUG] Stale source detected: D:\大三下期末实训项目\apartment\src\main\java\com\wanhe\apartment\entity\RoomImage.java
[DEBUG] Stale source detected: D:\大三下期末实训项目\apartment\src\main\java\com\wanhe\apartment\a.java
[DEBUG] Stale source detected: D:\大三下期末实训项目\apartment\src\main\java\com\wanhe\apartment\mapper\SysRolePermissionMapper.java
[DEBUG] Stale source detected: D:\大三下期末实训项目\apartment\src\main\java\com\wanhe\apartment\controller\VReceivableStatsController.java
[DEBUG] Stale source detected: D:\大三下期末实训项目\apartment\src\main\java\com\wanhe\apartment\controller\VOccupancyRateController.java
[DEBUG] Stale source detected: D:\大三下期末实训项目\apartment\src\main\java\com\wanhe\apartment\controller\FinancialTransactionController.java
[DEBUG] Stale source detected: D:\大三下期末实训项目\apartment\src\main\java\com\wanhe\apartment\controller\CheckInController.java
[DEBUG] Stale source detected: D:\大三下期末实训项目\apartment\src\main\java\com\wanhe\apartment\entity\MaintenanceTracking.java
[DEBUG] Stale source detected: D:\大三下期末实训项目\apartment\src\main\java\com\wanhe\apartment\mapper\SysOperLogMapper.java
[DEBUG] Stale source detected: D:\大三下期末实训项目\apartment\src\main\java\com\wanhe\apartment\mapper\BuildingMapper.java
[DEBUG] Stale source detected: D:\大三下期末实训项目\apartment\src\main\java\com\wanhe\apartment\controller\VActiveRoomsController.java
[DEBUG] Stale source detected: D:\大三下期末实训项目\apartment\src\main\java\com\wanhe\apartment\service\impl\VActiveContractsServiceImpl.java
[DEBUG] Stale source detected: D:\大三下期末实训项目\apartment\src\main\java\com\wanhe\apartment\service\impl\DepositRefundServiceImpl.java
[DEBUG] Stale source detected: D:\大三下期末实训项目\apartment\src\main\java\com\wanhe\apartment\dto\LoginRequest.java
[DEBUG] Stale source detected: D:\大三下期末实训项目\apartment\src\main\java\com\wanhe\apartment\controller\RoomImageController.java
[DEBUG] Stale source detected: D:\大三下期末实训项目\apartment\src\main\java\com\wanhe\apartment\service\impl\RentRuleServiceImpl.java
[DEBUG] Stale source detected: D:\大三下期末实训项目\apartment\src\main\java\com\wanhe\apartment\controller\BillController.java
[DEBUG] Stale source detected: D:\大三下期末实训项目\apartment\src\main\java\com\wanhe\apartment\controller\SysConfigController.java
[INFO] Changes detected - recompiling the module! :source
[DEBUG] Classpath:
[DEBUG]  D:\大三下期末实训项目\apartment\target\classes
[DEBUG]  D:\apache-maven-3.9.11\apache-maven-3.9.11\repository\org\springframework\boot\spring-boot-starter\3.2.5\spring-boot-starter-3.2.5.jar
[DEBUG]  D:\apache-maven-3.9.11\apache-maven-3.9.11\repository\org\springframework\boot\spring-boot\3.2.5\spring-boot-3.2.5.jar
[DEBUG]  D:\apache-maven-3.9.11\apache-maven-3.9.11\repository\org\springframework\spring-context\6.1.6\spring-context-6.1.6.jar
[DEBUG]  D:\apache-maven-3.9.11\apache-maven-3.9.11\repository\org\springframework\boot\spring-boot-autoconfigure\3.2.5\spring-boot-autoconfigure-3.2.5.jar
[DEBUG]  D:\apache-maven-3.9.11\apache-maven-3.9.11\repository\org\springframework\boot\spring-boot-starter-logging\3.2.5\spring-boot-starter-logging-3.2.5.jar
[DEBUG]  D:\apache-maven-3.9.11\apache-maven-3.9.11\repository\ch\qos\logback\logback-classic\1.4.14\logback-classic-1.4.14.jar
[DEBUG]  D:\apache-maven-3.9.11\apache-maven-3.9.11\repository\ch\qos\logback\logback-core\1.4.14\logback-core-1.4.14.jar
[DEBUG]  D:\apache-maven-3.9.11\apache-maven-3.9.11\repository\org\apache\logging\log4j\log4j-to-slf4j\2.21.1\log4j-to-slf4j-2.21.1.jar
[DEBUG]  D:\apache-maven-3.9.11\apache-maven-3.9.11\repository\org\apache\logging\log4j\log4j-api\2.21.1\log4j-api-2.21.1.jar
[DEBUG]  D:\apache-maven-3.9.11\apache-maven-3.9.11\repository\org\slf4j\jul-to-slf4j\2.0.13\jul-to-slf4j-2.0.13.jar
[DEBUG]  D:\apache-maven-3.9.11\apache-maven-3.9.11\repository\jakarta\annotation\jakarta.annotation-api\2.1.1\jakarta.annotation-api-2.1.1.jar
[DEBUG]  D:\apache-maven-3.9.11\apache-maven-3.9.11\repository\org\springframework\spring-core\6.1.6\spring-core-6.1.6.jar
[DEBUG]  D:\apache-maven-3.9.11\apache-maven-3.9.11\repository\org\springframework\spring-jcl\6.1.6\spring-jcl-6.1.6.jar
[DEBUG]  D:\apache-maven-3.9.11\apache-maven-3.9.11\repository\org\yaml\snakeyaml\2.2\snakeyaml-2.2.jar
[DEBUG]  D:\apache-maven-3.9.11\apache-maven-3.9.11\repository\org\slf4j\slf4j-api\2.0.13\slf4j-api-2.0.13.jar
[DEBUG]  D:\apache-maven-3.9.11\apache-maven-3.9.11\repository\jakarta\xml\bind\jakarta.xml.bind-api\4.0.2\jakarta.xml.bind-api-4.0.2.jar
[DEBUG]  D:\apache-maven-3.9.11\apache-maven-3.9.11\repository\jakarta\activation\jakarta.activation-api\2.1.3\jakarta.activation-api-2.1.3.jar
[DEBUG]  D:\apache-maven-3.9.11\apache-maven-3.9.11\repository\com\baomidou\mybatis-plus-spring-boot3-starter\3.5.15\mybatis-plus-spring-boot3-starter-3.5.15.jar
[DEBUG]  D:\apache-maven-3.9.11\apache-maven-3.9.11\repository\com\baomidou\mybatis-plus\3.5.15\mybatis-plus-3.5.15.jar
[DEBUG]  D:\apache-maven-3.9.11\apache-maven-3.9.11\repository\com\baomidou\mybatis-plus-core\3.5.15\mybatis-plus-core-3.5.15.jar
[DEBUG]  D:\apache-maven-3.9.11\apache-maven-3.9.11\repository\com\baomidou\mybatis-plus-annotation\3.5.15\mybatis-plus-annotation-3.5.15.jar
[DEBUG]  D:\apache-maven-3.9.11\apache-maven-3.9.11\repository\com\baomidou\mybatis-plus-spring\3.5.15\mybatis-plus-spring-3.5.15.jar
[DEBUG]  D:\apache-maven-3.9.11\apache-maven-3.9.11\repository\com\baomidou\mybatis-plus-extension\3.5.15\mybatis-plus-extension-3.5.15.jar
[DEBUG]  D:\apache-maven-3.9.11\apache-maven-3.9.11\repository\org\mybatis\mybatis\3.5.19\mybatis-3.5.19.jar
[DEBUG]  D:\apache-maven-3.9.11\apache-maven-3.9.11\repository\org\mybatis\mybatis-spring\3.0.5\mybatis-spring-3.0.5.jar
[DEBUG]  D:\apache-maven-3.9.11\apache-maven-3.9.11\repository\com\baomidou\mybatis-plus-spring-boot-autoconfigure\3.5.15\mybatis-plus-spring-boot-autoconfigure-3.5.15.jar
[DEBUG]  D:\apache-maven-3.9.11\apache-maven-3.9.11\repository\org\springframework\boot\spring-boot-starter-jdbc\3.2.5\spring-boot-starter-jdbc-3.2.5.jar
[DEBUG]  D:\apache-maven-3.9.11\apache-maven-3.9.11\repository\com\zaxxer\HikariCP\5.0.1\HikariCP-5.0.1.jar
[DEBUG]  D:\apache-maven-3.9.11\apache-maven-3.9.11\repository\org\springframework\spring-jdbc\6.1.6\spring-jdbc-6.1.6.jar
[DEBUG]  D:\apache-maven-3.9.11\apache-maven-3.9.11\repository\org\springframework\spring-tx\6.1.6\spring-tx-6.1.6.jar
[DEBUG]  D:\apache-maven-3.9.11\apache-maven-3.9.11\repository\org\projectlombok\lombok\1.18.32\lombok-1.18.32.jar
[DEBUG]  D:\apache-maven-3.9.11\apache-maven-3.9.11\repository\com\baomidou\mybatis-plus-generator\3.5.15\mybatis-plus-generator-3.5.15.jar
[DEBUG]  D:\apache-maven-3.9.11\apache-maven-3.9.11\repository\org\freemarker\freemarker\2.3.28\freemarker-2.3.28.jar
[DEBUG]  D:\apache-maven-3.9.11\apache-maven-3.9.11\repository\org\springframework\boot\spring-boot-starter-web\3.2.5\spring-boot-starter-web-3.2.5.jar
[DEBUG]  D:\apache-maven-3.9.11\apache-maven-3.9.11\repository\org\springframework\boot\spring-boot-starter-json\3.2.5\spring-boot-starter-json-3.2.5.jar
[DEBUG]  D:\apache-maven-3.9.11\apache-maven-3.9.11\repository\com\fasterxml\jackson\core\jackson-databind\2.15.4\jackson-databind-2.15.4.jar
[DEBUG]  D:\apache-maven-3.9.11\apache-maven-3.9.11\repository\com\fasterxml\jackson\core\jackson-annotations\2.15.4\jackson-annotations-2.15.4.jar
[DEBUG]  D:\apache-maven-3.9.11\apache-maven-3.9.11\repository\com\fasterxml\jackson\core\jackson-core\2.15.4\jackson-core-2.15.4.jar
[DEBUG]  D:\apache-maven-3.9.11\apache-maven-3.9.11\repository\com\fasterxml\jackson\datatype\jackson-datatype-jdk8\2.15.4\jackson-datatype-jdk8-2.15.4.jar
[DEBUG]  D:\apache-maven-3.9.11\apache-maven-3.9.11\repository\com\fasterxml\jackson\datatype\jackson-datatype-jsr310\2.15.4\jackson-datatype-jsr310-2.15.4.jar
[DEBUG]  D:\apache-maven-3.9.11\apache-maven-3.9.11\repository\com\fasterxml\jackson\module\jackson-module-parameter-names\2.15.4\jackson-module-parameter-names-2.15.4.jar
[DEBUG]  D:\apache-maven-3.9.11\apache-maven-3.9.11\repository\org\springframework\boot\spring-boot-starter-tomcat\3.2.5\spring-boot-starter-tomcat-3.2.5.jar
[DEBUG]  D:\apache-maven-3.9.11\apache-maven-3.9.11\repository\org\apache\tomcat\embed\tomcat-embed-core\10.1.20\tomcat-embed-core-10.1.20.jar
[DEBUG]  D:\apache-maven-3.9.11\apache-maven-3.9.11\repository\org\apache\tomcat\embed\tomcat-embed-el\10.1.20\tomcat-embed-el-10.1.20.jar
[DEBUG]  D:\apache-maven-3.9.11\apache-maven-3.9.11\repository\org\apache\tomcat\embed\tomcat-embed-websocket\10.1.20\tomcat-embed-websocket-10.1.20.jar
[DEBUG]  D:\apache-maven-3.9.11\apache-maven-3.9.11\repository\org\springframework\spring-web\6.1.6\spring-web-6.1.6.jar
[DEBUG]  D:\apache-maven-3.9.11\apache-maven-3.9.11\repository\org\springframework\spring-beans\6.1.6\spring-beans-6.1.6.jar
[DEBUG]  D:\apache-maven-3.9.11\apache-maven-3.9.11\repository\io\micrometer\micrometer-observation\1.12.5\micrometer-observation-1.12.5.jar
[DEBUG]  D:\apache-maven-3.9.11\apache-maven-3.9.11\repository\io\micrometer\micrometer-commons\1.12.5\micrometer-commons-1.12.5.jar
[DEBUG]  D:\apache-maven-3.9.11\apache-maven-3.9.11\repository\org\springframework\spring-webmvc\6.1.6\spring-webmvc-6.1.6.jar
[DEBUG]  D:\apache-maven-3.9.11\apache-maven-3.9.11\repository\org\springframework\spring-aop\6.1.6\spring-aop-6.1.6.jar
[DEBUG]  D:\apache-maven-3.9.11\apache-maven-3.9.11\repository\org\springframework\spring-expression\6.1.6\spring-expression-6.1.6.jar
[DEBUG]  D:\apache-maven-3.9.11\apache-maven-3.9.11\repository\com\github\xiaoymin\knife4j-openapi3-jakarta-spring-boot-starter\4.3.0\knife4j-openapi3-jakarta-spring-boot-starter-4.3.0.jar
[DEBUG]  D:\apache-maven-3.9.11\apache-maven-3.9.11\repository\com\github\xiaoymin\knife4j-core\4.3.0\knife4j-core-4.3.0.jar
[DEBUG]  D:\apache-maven-3.9.11\apache-maven-3.9.11\repository\com\github\xiaoymin\knife4j-openapi3-ui\4.3.0\knife4j-openapi3-ui-4.3.0.jar
[DEBUG]  D:\apache-maven-3.9.11\apache-maven-3.9.11\repository\org\springdoc\springdoc-openapi-starter-webmvc-ui\2.0.4\springdoc-openapi-starter-webmvc-ui-2.0.4.jar
[DEBUG]  D:\apache-maven-3.9.11\apache-maven-3.9.11\repository\org\springdoc\springdoc-openapi-starter-webmvc-api\2.0.4\springdoc-openapi-starter-webmvc-api-2.0.4.jar
[DEBUG]  D:\apache-maven-3.9.11\apache-maven-3.9.11\repository\org\springdoc\springdoc-openapi-starter-common\2.0.4\springdoc-openapi-starter-common-2.0.4.jar
[DEBUG]  D:\apache-maven-3.9.11\apache-maven-3.9.11\repository\io\swagger\core\v3\swagger-core-jakarta\2.2.8\swagger-core-jakarta-2.2.8.jar
[DEBUG]  D:\apache-maven-3.9.11\apache-maven-3.9.11\repository\org\apache\commons\commons-lang3\3.13.0\commons-lang3-3.13.0.jar
[DEBUG]  D:\apache-maven-3.9.11\apache-maven-3.9.11\repository\io\swagger\core\v3\swagger-annotations-jakarta\2.2.8\swagger-annotations-jakarta-2.2.8.jar
[DEBUG]  D:\apache-maven-3.9.11\apache-maven-3.9.11\repository\io\swagger\core\v3\swagger-models-jakarta\2.2.8\swagger-models-jakarta-2.2.8.jar
[DEBUG]  D:\apache-maven-3.9.11\apache-maven-3.9.11\repository\jakarta\validation\jakarta.validation-api\3.0.2\jakarta.validation-api-3.0.2.jar
[DEBUG]  D:\apache-maven-3.9.11\apache-maven-3.9.11\repository\com\fasterxml\jackson\dataformat\jackson-dataformat-yaml\2.15.4\jackson-dataformat-yaml-2.15.4.jar
[DEBUG]  D:\apache-maven-3.9.11\apache-maven-3.9.11\repository\org\webjars\swagger-ui\4.18.1\swagger-ui-4.18.1.jar
[DEBUG]  D:\apache-maven-3.9.11\apache-maven-3.9.11\repository\org\webjars\webjars-locator-core\0.55\webjars-locator-core-0.55.jar
[DEBUG]  D:\apache-maven-3.9.11\apache-maven-3.9.11\repository\io\github\classgraph\classgraph\4.8.149\classgraph-4.8.149.jar
[DEBUG] Source roots:
[DEBUG]  D:\大三下期末实训项目\apartment\src\main\java
[DEBUG]  D:\大三下期末实训项目\apartment\target\generated-sources\annotations
[DEBUG] Command line options:
[DEBUG] -d D:\大三下期末实训项目\apartment\target\classes -classpath D:\大三下期末实训项目\apartment\target\classes;D:\apache-maven-3.9.11\apache-maven-3.9.11\repository\org\springframework\boot\spring-boot-starter\3.2.5\spring-boot-starter-3.2.5.jar;D:\apache-maven-3.9.11\apache-maven-3.9.11\repository\org\springframework\boot\spring-boot\3.2.5\spring-boot-3.2.5.jar;D:\apache-maven-3.9.11\apache-maven-3.9.11\repository\org\springframework\spring-context\6.1.6\spring-context-6.1.6.jar;D:\apache-maven-3.9.11\apache-maven-3.9.11\repository\org\springframework\boot\spring-boot-autoconfigure\3.2.5\spring-boot-autoconfigure-3.2.5.jar;D:\apache-maven-3.9.11\apache-maven-3.9.11\repository\org\springframework\boot\spring-boot-starter-logging\3.2.5\spring-boot-starter-logging-3.2.5.jar;D:\apache-maven-3.9.11\apache-maven-3.9.11\repository\ch\qos\logback\logback-classic\1.4.14\logback-classic-1.4.14.jar;D:\apache-maven-3.9.11\apache-maven-3.9.11\repository\ch\qos\logback\logback-core\1.4.14\logback-core-1.4.14.jar;D:\apache-maven-3.9.11\apache-maven-3.9.11\repository\org\apache\logging\log4j\log4j-to-slf4j\2.21.1\log4j-to-slf4j-2.21.1.jar;D:\apache-maven-3.9.11\apache-maven-3.9.11\repository\org\apache\logging\log4j\log4j-api\2.21.1\log4j-api-2.21.1.jar;D:\apache-maven-3.9.11\apache-maven-3.9.11\repository\org\slf4j\jul-to-slf4j\2.0.13\jul-to-slf4j-2.0.13.jar;D:\apache-maven-3.9.11\apache-maven-3.9.11\repository\jakarta\annotation\jakarta.annotation-api\2.1.1\jakarta.annotation-api-2.1.1.jar;D:\apache-maven-3.9.11\apache-maven-3.9.11\repository\org\springframework\spring-core\6.1.6\spring-core-6.1.6.jar;D:\apache-maven-3.9.11\apache-maven-3.9.11\repository\org\springframework\spring-jcl\6.1.6\spring-jcl-6.1.6.jar;D:\apache-maven-3.9.11\apache-maven-3.9.11\repository\org\yaml\snakeyaml\2.2\snakeyaml-2.2.jar;D:\apache-maven-3.9.11\apache-maven-3.9.11\repository\org\slf4j\slf4j-api\2.0.13\slf4j-api-2.0.13.jar;D:\apache-maven-3.9.11\apache-maven-3.9.11\repository\jakarta\xml\bind\jakarta.xml.bind-api\4.0.2\jakarta.xml.bind-api-4.0.2.jar;D:\apache-maven-3.9.11\apache-maven-3.9.11\repository\jakarta\activation\jakarta.activation-api\2.1.3\jakarta.activation-api-2.1.3.jar;D:\apache-maven-3.9.11\apache-maven-3.9.11\repository\com\baomidou\mybatis-plus-spring-boot3-starter\3.5.15\mybatis-plus-spring-boot3-starter-3.5.15.jar;D:\apache-maven-3.9.11\apache-maven-3.9.11\repository\com\baomidou\mybatis-plus\3.5.15\mybatis-plus-3.5.15.jar;D:\apache-maven-3.9.11\apache-maven-3.9.11\repository\com\baomidou\mybatis-plus-core\3.5.15\mybatis-plus-core-3.5.15.jar;D:\apache-maven-3.9.11\apache-maven-3.9.11\repository\com\baomidou\mybatis-plus-annotation\3.5.15\mybatis-plus-annotation-3.5.15.jar;D:\apache-maven-3.9.11\apache-maven-3.9.11\repository\com\baomidou\mybatis-plus-spring\3.5.15\mybatis-plus-spring-3.5.15.jar;D:\apache-maven-3.9.11\apache-maven-3.9.11\repository\com\baomidou\mybatis-plus-extension\3.5.15\mybatis-plus-extension-3.5.15.jar;D:\apache-maven-3.9.11\apache-maven-3.9.11\repository\org\mybatis\mybatis\3.5.19\mybatis-3.5.19.jar;D:\apache-maven-3.9.11\apache-maven-3.9.11\repository\org\mybatis\mybatis-spring\3.0.5\mybatis-spring-3.0.5.jar;D:\apache-maven-3.9.11\apache-maven-3.9.11\repository\com\baomidou\mybatis-plus-spring-boot-autoconfigure\3.5.15\mybatis-plus-spring-boot-autoconfigure-3.5.15.jar;D:\apache-maven-3.9.11\apache-maven-3.9.11\repository\org\springframework\boot\spring-boot-starter-jdbc\3.2.5\spring-boot-starter-jdbc-3.2.5.jar;D:\apache-maven-3.9.11\apache-maven-3.9.11\repository\com\zaxxer\HikariCP\5.0.1\HikariCP-5.0.1.jar;D:\apache-maven-3.9.11\apache-maven-3.9.11\repository\org\springframework\spring-jdbc\6.1.6\spring-jdbc-6.1.6.jar;D:\apache-maven-3.9.11\apache-maven-3.9.11\repository\org\springframework\spring-tx\6.1.6\spring-tx-6.1.6.jar;D:\apache-maven-3.9.11\apache-maven-3.9.11\repository\org\projectlombok\lombok\1.18.32\lombok-1.18.32.jar;D:\apache-maven-3.9.11\apache-maven-3.9.11\repository\com\baomidou\mybatis-plus-generator\3.5.15\mybatis-plus-generator-3.5.15.jar;D:\apache-maven-3.9.11\apache-maven-3.9.11\repository\org\freemarker\freemarker\2.3.28\freemarker-2.3.28.jar;D:\apache-maven-3.9.11\apache-maven-3.9.11\repository\org\springframework\boot\spring-boot-starter-web\3.2.5\spring-boot-starter-web-3.2.5.jar;D:\apache-maven-3.9.11\apache-maven-3.9.11\repository\org\springframework\boot\spring-boot-starter-json\3.2.5\spring-boot-starter-json-3.2.5.jar;D:\apache-maven-3.9.11\apache-maven-3.9.11\repository\com\fasterxml\jackson\core\jackson-databind\2.15.4\jackson-databind-2.15.4.jar;D:\apache-maven-3.9.11\apache-maven-3.9.11\repository\com\fasterxml\jackson\core\jackson-annotations\2.15.4\jackson-annotations-2.15.4.jar;D:\apache-maven-3.9.11\apache-maven-3.9.11\repository\com\fasterxml\jackson\core\jackson-core\2.15.4\jackson-core-2.15.4.jar;D:\apache-maven-3.9.11\apache-maven-3.9.11\repository\com\fasterxml\jackson\datatype\jackson-datatype-jdk8\2.15.4\jackson-datatype-jdk8-2.15.4.jar;D:\apache-maven-3.9.11\apache-maven-3.9.11\repository\com\fasterxml\jackson\datatype\jackson-datatype-jsr310\2.15.4\jackson-datatype-jsr310-2.15.4.jar;D:\apache-maven-3.9.11\apache-maven-3.9.11\repository\com\fasterxml\jackson\module\jackson-module-parameter-names\2.15.4\jackson-module-parameter-names-2.15.4.jar;D:\apache-maven-3.9.11\apache-maven-3.9.11\repository\org\springframework\boot\spring-boot-starter-tomcat\3.2.5\spring-boot-starter-tomcat-3.2.5.jar;D:\apache-maven-3.9.11\apache-maven-3.9.11\repository\org\apache\tomcat\embed\tomcat-embed-core\10.1.20\tomcat-embed-core-10.1.20.jar;D:\apache-maven-3.9.11\apache-maven-3.9.11\repository\org\apache\tomcat\embed\tomcat-embed-el\10.1.20\tomcat-embed-el-10.1.20.jar;D:\apache-maven-3.9.11\apache-maven-3.9.11\repository\org\apache\tomcat\embed\tomcat-embed-websocket\10.1.20\tomcat-embed-websocket-10.1.20.jar;D:\apache-maven-3.9.11\apache-maven-3.9.11\repository\org\springframework\spring-web\6.1.6\spring-web-6.1.6.jar;D:\apache-maven-3.9.11\apache-maven-3.9.11\repository\org\springframework\spring-beans\6.1.6\spring-beans-6.1.6.jar;D:\apache-maven-3.9.11\apache-maven-3.9.11\repository\io\micrometer\micrometer-observation\1.12.5\micrometer-observation-1.12.5.jar;D:\apache-maven-3.9.11\apache-maven-3.9.11\repository\io\micrometer\micrometer-commons\1.12.5\micrometer-commons-1.12.5.jar;D:\apache-maven-3.9.11\apache-maven-3.9.11\repository\org\springframework\spring-webmvc\6.1.6\spring-webmvc-6.1.6.jar;D:\apache-maven-3.9.11\apache-maven-3.9.11\repository\org\springframework\spring-aop\6.1.6\spring-aop-6.1.6.jar;D:\apache-maven-3.9.11\apache-maven-3.9.11\repository\org\springframework\spring-expression\6.1.6\spring-expression-6.1.6.jar;D:\apache-maven-3.9.11\apache-maven-3.9.11\repository\com\github\xiaoymin\knife4j-openapi3-jakarta-spring-boot-starter\4.3.0\knife4j-openapi3-jakarta-spring-boot-starter-4.3.0.jar;D:\apache-maven-3.9.11\apache-maven-3.9.11\repository\com\github\xiaoymin\knife4j-core\4.3.0\knife4j-core-4.3.0.jar;D:\apache-maven-3.9.11\apache-maven-3.9.11\repository\com\github\xiaoymin\knife4j-openapi3-ui\4.3.0\knife4j-openapi3-ui-4.3.0.jar;D:\apache-maven-3.9.11\apache-maven-3.9.11\repository\org\springdoc\springdoc-openapi-starter-webmvc-ui\2.0.4\springdoc-openapi-starter-webmvc-ui-2.0.4.jar;D:\apache-maven-3.9.11\apache-maven-3.9.11\repository\org\springdoc\springdoc-openapi-starter-webmvc-api\2.0.4\springdoc-openapi-starter-webmvc-api-2.0.4.jar;D:\apache-maven-3.9.11\apache-maven-3.9.11\repository\org\springdoc\springdoc-openapi-starter-common\2.0.4\springdoc-openapi-starter-common-2.0.4.jar;D:\apache-maven-3.9.11\apache-maven-3.9.11\repository\io\swagger\core\v3\swagger-core-jakarta\2.2.8\swagger-core-jakarta-2.2.8.jar;D:\apache-maven-3.9.11\apache-maven-3.9.11\repository\org\apache\commons\commons-lang3\3.13.0\commons-lang3-3.13.0.jar;D:\apache-maven-3.9.11\apache-maven-3.9.11\repository\io\swagger\core\v3\swagger-annotations-jakarta\2.2.8\swagger-annotations-jakarta-2.2.8.jar;D:\apache-maven-3.9.11\apache-maven-3.9.11\repository\io\swagger\core\v3\swagger-models-jakarta\2.2.8\swagger-models-jakarta-2.2.8.jar;D:\apache-maven-3.9.11\apache-maven-3.9.11\repository\jakarta\validation\jakarta.validation-api\3.0.2\jakarta.validation-api-3.0.2.jar;D:\apache-maven-3.9.11\apache-maven-3.9.11\repository\com\fasterxml\jackson\dataformat\jackson-dataformat-yaml\2.15.4\jackson-dataformat-yaml-2.15.4.jar;D:\apache-maven-3.9.11\apache-maven-3.9.11\repository\org\webjars\swagger-ui\4.18.1\swagger-ui-4.18.1.jar;D:\apache-maven-3.9.11\apache-maven-3.9.11\repository\org\webjars\webjars-locator-core\0.55\webjars-locator-core-0.55.jar;D:\apache-maven-3.9.11\apache-maven-3.9.11\repository\io\github\classgraph\classgraph\4.8.149\classgraph-4.8.149.jar; -sourcepath D:\大三下期末实训项目\apartment\src\main\java;D:\大三下期末实训项目\apartment\target\generated-sources\annotations; -s D:\大三下期末实训项目\apartment\target\generated-sources\annotations -g -parameters --release 17 -encoding UTF-8
[DEBUG] incrementalBuildHelper#beforeRebuildExecution
[INFO] Compiling 238 source files with javac [debug release 17] to target\classes
[DEBUG] incrementalBuildHelper#afterRebuildExecution
[INFO] 某些消息已经过简化; 请使用 -Xdiags:verbose 重新编译以获得完整输出
[INFO] -------------------------------------------------------------
[ERROR] COMPILATION ERROR : 
[INFO] -------------------------------------------------------------
[ERROR] /D:/大三下期末实训项目/apartment/src/main/java/com/wanhe/apartment/controller/TenantPortalController.java:[62,24] 方法引用无效
  找不到符号
    符号:   方法 getSysUserId()
    位置: 类 com.wanhe.apartment.entity.Tenant
[ERROR] /D:/大三下期末实训项目/apartment/src/main/java/com/wanhe/apartment/controller/TenantPortalController.java:[152,33] 方法引用无效
  找不到符号
    符号:   方法 getBillDate()
    位置: 类 com.wanhe.apartment.entity.Bill
[ERROR] /D:/大三下期末实训项目/apartment/src/main/java/com/wanhe/apartment/controller/TenantPortalController.java:[177,24] 方法引用无效
  找不到符号
    符号:   方法 getReporterId()
    位置: 类 com.wanhe.apartment.entity.MaintenanceOrder
[ERROR] /D:/大三下期末实训项目/apartment/src/main/java/com/wanhe/apartment/controller/TenantPortalController.java:[291,24] 方法引用无效
  找不到符号
    符号:   方法 getRoomStatus()
    位置: 类 com.wanhe.apartment.entity.Room
[ERROR] /D:/大三下期末实训项目/apartment/src/main/java/com/wanhe/apartment/controller/TenantPortalController.java:[337,29] 方法引用无效
  找不到符号
    符号:   方法 getReporterId()
    位置: 类 com.wanhe.apartment.entity.MaintenanceOrder
[ERROR] /D:/大三下期末实训项目/apartment/src/main/java/com/wanhe/apartment/service/impl/AuthServiceImpl.java:[83,77] 不兼容的类型: java.lang.Byte无法转换为java.lang.Integer
[ERROR] /D:/大三下期末实训项目/apartment/src/main/java/com/wanhe/apartment/service/impl/AuthServiceImpl.java:[87,73] 不兼容的类型: java.lang.Byte无法转换为java.lang.Integer
[INFO] 7 errors 
[INFO] -------------------------------------------------------------
[INFO] ------------------------------------------------------------------------
[INFO] BUILD FAILURE
[INFO] ------------------------------------------------------------------------
[INFO] Total time:  10.749 s
[INFO] Finished at: 2026-06-09T18:25:28+08:00
[INFO] ------------------------------------------------------------------------
[ERROR] Failed to execute goal org.apache.maven.plugins:maven-compiler-plugin:3.11.0:compile (default-compile) on project day2-springboot-project: Compilation failure: Compilation failure: 
[ERROR] /D:/大三下期末实训项目/apartment/src/main/java/com/wanhe/apartment/controller/TenantPortalController.java:[62,24] 方法引用无效
[ERROR]   找不到符号
[ERROR]     符号:   方法 getSysUserId()
[ERROR]     位置: 类 com.wanhe.apartment.entity.Tenant
[ERROR] /D:/大三下期末实训项目/apartment/src/main/java/com/wanhe/apartment/controller/TenantPortalController.java:[152,33] 方法引用无效
[ERROR]   找不到符号
[ERROR]     符号:   方法 getBillDate()
[ERROR]     位置: 类 com.wanhe.apartment.entity.Bill
[ERROR] /D:/大三下期末实训项目/apartment/src/main/java/com/wanhe/apartment/controller/TenantPortalController.java:[177,24] 方法引用无效
[ERROR]   找不到符号
[ERROR]     符号:   方法 getReporterId()
[ERROR]     位置: 类 com.wanhe.apartment.entity.MaintenanceOrder
[ERROR] /D:/大三下期末实训项目/apartment/src/main/java/com/wanhe/apartment/controller/TenantPortalController.java:[291,24] 方法引用无效
[ERROR]   找不到符号
[ERROR]     符号:   方法 getRoomStatus()
[ERROR]     位置: 类 com.wanhe.apartment.entity.Room
[ERROR] /D:/大三下期末实训项目/apartment/src/main/java/com/wanhe/apartment/controller/TenantPortalController.java:[337,29] 方法引用无效
[ERROR]   找不到符号
[ERROR]     符号:   方法 getReporterId()
[ERROR]     位置: 类 com.wanhe.apartment.entity.MaintenanceOrder
[ERROR] /D:/大三下期末实训项目/apartment/src/main/java/com/wanhe/apartment/service/impl/AuthServiceImpl.java:[83,77] 不兼容的类型: java.lang.Byte无法转换为java.lang.Integer
[ERROR] /D:/大三下期末实训项目/apartment/src/main/java/com/wanhe/apartment/service/impl/AuthServiceImpl.java:[87,73] 不兼容的类型: java.lang.Byte无法转换为java.lang.Integer
[ERROR] -> [Help 1]
org.apache.maven.lifecycle.LifecycleExecutionException: Failed to execute goal org.apache.maven.plugins:maven-compiler-plugin:3.11.0:compile (default-compile) on project day2-springboot-project: Compilation failure
    at org.apache.maven.lifecycle.internal.MojoExecutor.doExecute2 (MojoExecutor.java:333)
    at org.apache.maven.lifecycle.internal.MojoExecutor.doExecute (MojoExecutor.java:316)
    at org.apache.maven.lifecycle.internal.MojoExecutor.execute (MojoExecutor.java:212)
    at org.apache.maven.lifecycle.internal.MojoExecutor.execute (MojoExecutor.java:174)
    at org.apache.maven.lifecycle.internal.MojoExecutor.access$000 (MojoExecutor.java:75)
    at org.apache.maven.lifecycle.internal.MojoExecutor$1.run (MojoExecutor.java:162)
    at org.apache.maven.plugin.DefaultMojosExecutionStrategy.execute (DefaultMojosExecutionStrategy.java:39)
    at org.apache.maven.lifecycle.internal.MojoExecutor.execute (MojoExecutor.java:159)
    at org.apache.maven.lifecycle.internal.LifecycleModuleBuilder.buildProject (LifecycleModuleBuilder.java:105)
    at org.apache.maven.lifecycle.internal.LifecycleModuleBuilder.buildProject (LifecycleModuleBuilder.java:73)
    at org.apache.maven.lifecycle.internal.builder.singlethreaded.SingleThreadedBuilder.build (SingleThreadedBuilder.java:53)
    at org.apache.maven.lifecycle.internal.LifecycleStarter.execute (LifecycleStarter.java:118)
    at org.apache.maven.DefaultMaven.doExecute (DefaultMaven.java:261)
    at org.apache.maven.DefaultMaven.doExecute (DefaultMaven.java:173)
    at org.apache.maven.DefaultMaven.execute (DefaultMaven.java:101)
    at org.apache.maven.cli.MavenCli.execute (MavenCli.java:906)
    at org.apache.maven.cli.MavenCli.doMain (MavenCli.java:283)
    at org.apache.maven.cli.MavenCli.main (MavenCli.java:206)
    at jdk.internal.reflect.NativeMethodAccessorImpl.invoke0 (Native Method)
    at jdk.internal.reflect.NativeMethodAccessorImpl.invoke (NativeMethodAccessorImpl.java:77)
    at jdk.internal.reflect.DelegatingMethodAccessorImpl.invoke (DelegatingMethodAccessorImpl.java:43)
    at java.lang.reflect.Method.invoke (Method.java:568)
    at org.codehaus.plexus.classworlds.launcher.Launcher.launchEnhanced (Launcher.java:255)
    at org.codehaus.plexus.classworlds.launcher.Launcher.launch (Launcher.java:201)
    at org.codehaus.plexus.classworlds.launcher.Launcher.mainWithExitCode (Launcher.java:361)
    at org.codehaus.plexus.classworlds.launcher.Launcher.main (Launcher.java:314)
Caused by: org.apache.maven.plugin.compiler.CompilationFailureException: Compilation failure
    at org.apache.maven.plugin.compiler.AbstractCompilerMojo.execute (AbstractCompilerMojo.java:1212)
    at org.apache.maven.plugin.compiler.CompilerMojo.execute (CompilerMojo.java:193)
    at org.apache.maven.plugin.DefaultBuildPluginManager.executeMojo (DefaultBuildPluginManager.java:126)
    at org.apache.maven.lifecycle.internal.MojoExecutor.doExecute2 (MojoExecutor.java:328)
    at org.apache.maven.lifecycle.internal.MojoExecutor.doExecute (MojoExecutor.java:316)
    at org.apache.maven.lifecycle.internal.MojoExecutor.execute (MojoExecutor.java:212)
    at org.apache.maven.lifecycle.internal.MojoExecutor.execute (MojoExecutor.java:174)
    at org.apache.maven.lifecycle.internal.MojoExecutor.access$000 (MojoExecutor.java:75)
    at org.apache.maven.lifecycle.internal.MojoExecutor$1.run (MojoExecutor.java:162)
    at org.apache.maven.plugin.DefaultMojosExecutionStrategy.execute (DefaultMojosExecutionStrategy.java:39)
    at org.apache.maven.lifecycle.internal.MojoExecutor.execute (MojoExecutor.java:159)
    at org.apache.maven.lifecycle.internal.LifecycleModuleBuilder.buildProject (LifecycleModuleBuilder.java:105)
    at org.apache.maven.lifecycle.internal.LifecycleModuleBuilder.buildProject (LifecycleModuleBuilder.java:73)
    at org.apache.maven.lifecycle.internal.builder.singlethreaded.SingleThreadedBuilder.build (SingleThreadedBuilder.java:53)
    at org.apache.maven.lifecycle.internal.LifecycleStarter.execute (LifecycleStarter.java:118)
    at org.apache.maven.DefaultMaven.doExecute (DefaultMaven.java:261)
    at org.apache.maven.DefaultMaven.doExecute (DefaultMaven.java:173)
    at org.apache.maven.DefaultMaven.execute (DefaultMaven.java:101)
    at org.apache.maven.cli.MavenCli.execute (MavenCli.java:906)
    at org.apache.maven.cli.MavenCli.doMain (MavenCli.java:283)
    at org.apache.maven.cli.MavenCli.main (MavenCli.java:206)
    at jdk.internal.reflect.NativeMethodAccessorImpl.invoke0 (Native Method)
    at jdk.internal.reflect.NativeMethodAccessorImpl.invoke (NativeMethodAccessorImpl.java:77)
    at jdk.internal.reflect.DelegatingMethodAccessorImpl.invoke (DelegatingMethodAccessorImpl.java:43)
    at java.lang.reflect.Method.invoke (Method.java:568)
    at org.codehaus.plexus.classworlds.launcher.Launcher.launchEnhanced (Launcher.java:255)
    at org.codehaus.plexus.classworlds.launcher.Launcher.launch (Launcher.java:201)
    at org.codehaus.plexus.classworlds.launcher.Launcher.mainWithExitCode (Launcher.java:361)
    at org.codehaus.plexus.classworlds.launcher.Launcher.main (Launcher.java:314)
[ERROR] 
[ERROR] 
[ERROR] For more information about the errors and possible solutions, please read the following articles:
[ERROR] [Help 1] http://cwiki.apache.org/confluence/display/MAVEN/MojoFailureException
[DEBUG] Shutting down adapter factory; available factories [file-lock, rwlock-local, semaphore-local, noop]; available name mappers [discriminating, file-gav, file-hgav, file-static, gav, static]
[DEBUG] Shutting down 'file-lock' factory
[DEBUG] Shutting down 'rwlock-local' factory
[DEBUG] Shutting down 'semaphore-local' factory
[DEBUG] Shutting down 'noop' factory
